Partition Merge report for Fpga
Wed Sep 29 11:12:40 2021
Quartus II 64-Bit Version 13.0.1 Build 232 06/12/2013 Service Pack 1.78 SJ Full Version


---------------------
; Table of Contents ;
---------------------
  1. Legal Notice
  2. Partition Merge Summary
  3. Partition Merge Netlist Types Used
  4. Partition Merge Partition Warnings
  5. Partition Merge Partition Statistics
  6. Partition Merge Resource Usage Summary
  7. Partition Merge RAM Summary
  8. Partition Merge DSP Block Usage Summary
  9. Partition Merge Messages



----------------
; Legal Notice ;
----------------
Copyright (C) 1991-2013 Altera Corporation
Your use of Altera Corporation's design tools, logic functions 
and other software and tools, and its AMPP partner logic 
functions, and any output files from any of the foregoing 
(including device programming or simulation files), and any 
associated documentation or information are expressly subject 
to the terms and conditions of the Altera Program License 
Subscription Agreement, Altera MegaCore Function License 
Agreement, or other applicable license agreement, including, 
without limitation, that your use is for the sole purpose of 
programming logic devices manufactured by Altera and sold by 
Altera or its authorized distributors.  Please refer to the 
applicable agreement for further details.



+--------------------------------------------------------------------------------------+
; Partition Merge Summary                                                              ;
+--------------------------------+-----------------------------------------------------+
; Partition Merge Status         ; Successful - Wed Sep 29 11:12:40 2021               ;
; Quartus II 64-Bit Version      ; 13.0.1 Build 232 06/12/2013 SP 1.78 SJ Full Version ;
; Revision Name                  ; Fpga                                                ;
; Top-level Entity Name          ; Fpga                                                ;
; Family                         ; Arria GX                                            ;
; Logic utilization              ; N/A                                                 ;
;     Combinational ALUTs        ; 12,055                                              ;
;     Dedicated logic registers  ; 14,634                                              ;
; Total registers                ; 14666                                               ;
; Total pins                     ; 286                                                 ;
; Total virtual pins             ; 0                                                   ;
; Total block memory bits        ; 1,133,808                                           ;
; DSP block 9-bit elements       ; 240                                                 ;
; Total GXB Receiver Channels    ; 1                                                   ;
; Total GXB Transmitter Channels ; 1                                                   ;
; Total PLLs                     ; 2                                                   ;
; Total DLLs                     ; 0                                                   ;
+--------------------------------+-----------------------------------------------------+


+-------------------------------------------------------------------------------------------------------------------------------+
; Partition Merge Netlist Types Used                                                                                            ;
+--------------------------------+----------------+-------------------+------------------------+--------------------------------+
; Partition Name                 ; Partition Type ; Netlist Type Used ; Netlist Type Requested ; Partition Contents             ;
+--------------------------------+----------------+-------------------+------------------------+--------------------------------+
; Top                            ; User-created   ; Source File       ; Source File            ;                                ;
; AdcDeser:AdcDeser0             ; User-created   ; Source File       ; Source File            ; AdcDeser:AdcDeser0             ;
; AdcDeser:AdcDeser1             ; User-created   ; Source File       ; Source File            ; AdcDeser:AdcDeser1             ;
; hard_block:auto_generated_inst ; Auto-generated ; Source File       ; Source File            ; hard_block:auto_generated_inst ;
+--------------------------------+----------------+-------------------+------------------------+--------------------------------+


+--------------------------------------------------------------------+
; Partition Merge Partition Warnings                                 ;
+-----------------------------------+--------------------+-----------+
; Port                              ; Partition          ; Info      ;
+-----------------------------------+--------------------+-----------+
; AdcDeser:AdcDeser1|ADC_PDATA7[0]  ; AdcDeser:AdcDeser1 ; No fanout ;
; AdcDeser:AdcDeser1|ADC_PDATA7[1]  ; AdcDeser:AdcDeser1 ; No fanout ;
; AdcDeser:AdcDeser1|ADC_PDATA7[2]  ; AdcDeser:AdcDeser1 ; No fanout ;
; AdcDeser:AdcDeser1|ADC_PDATA7[3]  ; AdcDeser:AdcDeser1 ; No fanout ;
; AdcDeser:AdcDeser1|ADC_PDATA7[4]  ; AdcDeser:AdcDeser1 ; No fanout ;
; AdcDeser:AdcDeser1|ADC_PDATA7[5]  ; AdcDeser:AdcDeser1 ; No fanout ;
; AdcDeser:AdcDeser1|ADC_PDATA7[6]  ; AdcDeser:AdcDeser1 ; No fanout ;
; AdcDeser:AdcDeser1|ADC_PDATA7[7]  ; AdcDeser:AdcDeser1 ; No fanout ;
; AdcDeser:AdcDeser1|ADC_PDATA7[8]  ; AdcDeser:AdcDeser1 ; No fanout ;
; AdcDeser:AdcDeser1|ADC_PDATA7[9]  ; AdcDeser:AdcDeser1 ; No fanout ;
; AdcDeser:AdcDeser1|ADC_PDATA7[10] ; AdcDeser:AdcDeser1 ; No fanout ;
; AdcDeser:AdcDeser1|ADC_PDATA7[11] ; AdcDeser:AdcDeser1 ; No fanout ;
+-----------------------------------+--------------------+-----------+
Note: The Incremental Compilation Advisor can be used to get more detailed recommendations.


+---------------------------------------------------------------------------------------------------------------------------+
; Partition Merge Partition Statistics                                                                                      ;
+---------------------------------------+--------+--------------------+--------------------+--------------------------------+
; Statistic                             ; Top    ; AdcDeser:AdcDeser0 ; AdcDeser:AdcDeser1 ; hard_block:auto_generated_inst ;
+---------------------------------------+--------+--------------------+--------------------+--------------------------------+
; PLL                                   ; 0      ; 0                  ; 0                  ; 2                              ;
; GXB Receiver channel                  ; 0      ; 0                  ; 0                  ; 1                              ;
; GXB Transmitter channel               ; 0      ; 0                  ; 0                  ; 1                              ;
; Remote update block                   ; 1      ; 0                  ; 0                  ; 0                              ;
; ASMI Block                            ; 1      ; 0                  ; 0                  ; 0                              ;
; GXB Central Control Unit              ; 0      ; 0                  ; 0                  ; 1                              ;
; GXB Transmitter PLL                   ; 0      ; 0                  ; 0                  ; 1                              ;
; GXB Calibration block                 ; 0      ; 0                  ; 0                  ; 1                              ;
;                                       ;        ;                    ;                    ;                                ;
; Virtual pins                          ; 0      ; 0                  ; 0                  ; 0                              ;
; I/O pins                              ; 270    ; 8                  ; 8                  ; 0                              ;
; DSP block 9-bit elements              ; 240    ; 0                  ; 0                  ; 0                              ;
;                                       ;        ;                    ;                    ;                                ;
; Connections                           ;        ;                    ;                    ;                                ;
;     -- Input Connections              ; 6686   ; 300                ; 300                ; 29                             ;
;     -- Registered Input Connections   ; 5815   ; 299                ; 287                ; 0                              ;
;     -- Output Connections             ; 629    ; 288                ; 252                ; 6146                           ;
;     -- Registered Output Connections  ; 22     ; 288                ; 252                ; 0                              ;
;                                       ;        ;                    ;                    ;                                ;
; Internal Connections                  ;        ;                    ;                    ;                                ;
;     -- Total Connections              ; 105447 ; 974                ; 938                ; 6245                           ;
;     -- Registered Connections         ; 54855  ; 972                ; 924                ; 0                              ;
;                                       ;        ;                    ;                    ;                                ;
; External Connections                  ;        ;                    ;                    ;                                ;
;     -- Top                            ; 0      ; 588                ; 552                ; 6175                           ;
;     -- AdcDeser:AdcDeser0             ; 588    ; 0                  ; 0                  ; 0                              ;
;     -- AdcDeser:AdcDeser1             ; 552    ; 0                  ; 0                  ; 0                              ;
;     -- hard_block:auto_generated_inst ; 6175   ; 0                  ; 0                  ; 0                              ;
;                                       ;        ;                    ;                    ;                                ;
; Partition Interface                   ;        ;                    ;                    ;                                ;
;     -- Input Ports                    ; 75     ; 10                 ; 10                 ; 29                             ;
;     -- Output Ports                   ; 86     ; 96                 ; 96                 ; 35                             ;
;     -- Bidir Ports                    ; 125    ; 0                  ; 0                  ; 0                              ;
;                                       ;        ;                    ;                    ;                                ;
; Registered Ports                      ;        ;                    ;                    ;                                ;
;     -- Registered Input Ports         ; 0      ; 2                  ; 2                  ; 0                              ;
;     -- Registered Output Ports        ; 0      ; 96                 ; 96                 ; 0                              ;
;                                       ;        ;                    ;                    ;                                ;
; Port Connectivity                     ;        ;                    ;                    ;                                ;
;     -- Input Ports driven by GND      ; 0      ; 0                  ; 0                  ; 0                              ;
;     -- Output Ports driven by GND     ; 0      ; 0                  ; 0                  ; 0                              ;
;     -- Input Ports driven by VCC      ; 0      ; 0                  ; 0                  ; 0                              ;
;     -- Output Ports driven by VCC     ; 0      ; 0                  ; 0                  ; 0                              ;
;     -- Input Ports with no Source     ; 0      ; 0                  ; 0                  ; 0                              ;
;     -- Output Ports with no Source    ; 0      ; 0                  ; 0                  ; 0                              ;
;     -- Input Ports with no Fanout     ; 0      ; 0                  ; 0                  ; 2                              ;
;     -- Output Ports with no Fanout    ; 0      ; 0                  ; 12                 ; 0                              ;
+---------------------------------------+--------+--------------------+--------------------+--------------------------------+
Note: Resource usage numbers presented for Partitions containing post-synthesis logic are estimates.  For Partitions containing post-fit logic, resource usage numbers are accurate based on previous placement information.  Actual Fitter results may vary depending on current Fitter Preservation Level assignments.


+--------------------------------------------------------------+
; Partition Merge Resource Usage Summary                       ;
+----------------------------------------------+---------------+
; Resource                                     ; Usage         ;
+----------------------------------------------+---------------+
; Estimated ALUTs Used                         ; 12055         ;
; Dedicated logic registers                    ; 14634         ;
;                                              ;               ;
; Estimated ALUTs Unavailable                  ; 177           ;
;                                              ;               ;
; Total combinational functions                ; 12055         ;
; Combinational ALUT usage by number of inputs ;               ;
;     -- 7 input functions                     ; 177           ;
;     -- 6 input functions                     ; 2058          ;
;     -- 5 input functions                     ; 1523          ;
;     -- 4 input functions                     ; 1689          ;
;     -- <=3 input functions                   ; 6608          ;
;                                              ;               ;
; Combinational ALUTs by mode                  ;               ;
;     -- normal mode                           ; 8728          ;
;     -- extended LUT mode                     ; 177           ;
;     -- arithmetic mode                       ; 2650          ;
;     -- shared arithmetic mode                ; 500           ;
;                                              ;               ;
; Estimated ALUT/register pairs used           ; 18552         ;
;                                              ;               ;
; Total registers                              ; 14666         ;
;     -- Dedicated logic registers             ; 14634         ;
;     -- I/O registers                         ; 32            ;
;                                              ;               ;
;                                              ;               ;
; I/O pins                                     ; 286           ;
; Total block memory bits                      ; 1133808       ;
; DSP block 9-bit elements                     ; 240           ;
; Total PLLs                                   ; 2             ;
;     -- PLLs                                  ; 2             ;
;                                              ;               ;
; GXB Receiver channels                        ; 1             ;
; GXB Transmitter channels                     ; 1             ;
; Maximum fan-out node                         ; ADC_FRAME_CK1 ;
; Maximum fan-out                              ; 5627          ;
; Total fan-out                                ; 100666        ;
; Average fan-out                              ; 3.64          ;
+----------------------------------------------+---------------+


+-----------------------------------------------------------------------------------------------------------------------------------------------------------------------------------------------------------------------------------------------------------------------------------------------------------------------------------------------------------------------------------------------------------------+
; Partition Merge RAM Summary                                                                                                                                                                                                                                                                                                                                                                                     ;
+-----------------------------------------------------------------------------------------------------------------------------------------------------------------------------------------------------------------------------------------------------------------------------------------------------------+------+------------------+--------------+--------------+--------------+--------------+--------+------+
; Name                                                                                                                                                                                                                                                                                                      ; Type ; Mode             ; Port A Depth ; Port A Width ; Port B Depth ; Port B Width ; Size   ; MIF  ;
+-----------------------------------------------------------------------------------------------------------------------------------------------------------------------------------------------------------------------------------------------------------------------------------------------------------+------+------------------+--------------+--------------+--------------+--------------+--------+------+
; EightChannels:ApvProcessor_0_7|ChannelProcessor:Ch0|ApvReadout:ApvFrameDecoder|ApvDataFifo_4096x13_26:DataFifo|dcfifo_mixed_widths:dcfifo_mixed_widths_component|dcfifo_jkk1:auto_generated|altsyncram_fgu:fifo_ram|ALTSYNCRAM                                                                            ; AUTO ; Simple Dual Port ; 4096         ; 13           ; 2048         ; 26           ; 53248  ; None ;
; EightChannels:ApvProcessor_0_7|ChannelProcessor:Ch1|ApvReadout:ApvFrameDecoder|ApvDataFifo_4096x13_26:DataFifo|dcfifo_mixed_widths:dcfifo_mixed_widths_component|dcfifo_jkk1:auto_generated|altsyncram_fgu:fifo_ram|ALTSYNCRAM                                                                            ; AUTO ; Simple Dual Port ; 4096         ; 13           ; 2048         ; 26           ; 53248  ; None ;
; EightChannels:ApvProcessor_0_7|ChannelProcessor:Ch2|ApvReadout:ApvFrameDecoder|ApvDataFifo_4096x13_26:DataFifo|dcfifo_mixed_widths:dcfifo_mixed_widths_component|dcfifo_jkk1:auto_generated|altsyncram_fgu:fifo_ram|ALTSYNCRAM                                                                            ; AUTO ; Simple Dual Port ; 4096         ; 13           ; 2048         ; 26           ; 53248  ; None ;
; EightChannels:ApvProcessor_0_7|ChannelProcessor:Ch3|ApvReadout:ApvFrameDecoder|ApvDataFifo_4096x13_26:DataFifo|dcfifo_mixed_widths:dcfifo_mixed_widths_component|dcfifo_jkk1:auto_generated|altsyncram_fgu:fifo_ram|ALTSYNCRAM                                                                            ; AUTO ; Simple Dual Port ; 4096         ; 13           ; 2048         ; 26           ; 53248  ; None ;
; EightChannels:ApvProcessor_0_7|ChannelProcessor:Ch4|ApvReadout:ApvFrameDecoder|ApvDataFifo_4096x13_26:DataFifo|dcfifo_mixed_widths:dcfifo_mixed_widths_component|dcfifo_jkk1:auto_generated|altsyncram_fgu:fifo_ram|ALTSYNCRAM                                                                            ; AUTO ; Simple Dual Port ; 4096         ; 13           ; 2048         ; 26           ; 53248  ; None ;
; EightChannels:ApvProcessor_0_7|ChannelProcessor:Ch5|ApvReadout:ApvFrameDecoder|ApvDataFifo_4096x13_26:DataFifo|dcfifo_mixed_widths:dcfifo_mixed_widths_component|dcfifo_jkk1:auto_generated|altsyncram_fgu:fifo_ram|ALTSYNCRAM                                                                            ; AUTO ; Simple Dual Port ; 4096         ; 13           ; 2048         ; 26           ; 53248  ; None ;
; EightChannels:ApvProcessor_0_7|ChannelProcessor:Ch6|ApvReadout:ApvFrameDecoder|ApvDataFifo_4096x13_26:DataFifo|dcfifo_mixed_widths:dcfifo_mixed_widths_component|dcfifo_jkk1:auto_generated|altsyncram_fgu:fifo_ram|ALTSYNCRAM                                                                            ; AUTO ; Simple Dual Port ; 4096         ; 13           ; 2048         ; 26           ; 53248  ; None ;
; EightChannels:ApvProcessor_0_7|ChannelProcessor:Ch7|ApvReadout:ApvFrameDecoder|ApvDataFifo_4096x13_26:DataFifo|dcfifo_mixed_widths:dcfifo_mixed_widths_component|dcfifo_jkk1:auto_generated|altsyncram_fgu:fifo_ram|ALTSYNCRAM                                                                            ; AUTO ; Simple Dual Port ; 4096         ; 13           ; 2048         ; 26           ; 53248  ; None ;
; EventBuilder:TheBuilder|DcFifo_16x48:TimeCounterFifo|dcfifo:dcfifo_component|dcfifo_ugl1:auto_generated|altsyncram_udu:fifo_ram|ALTSYNCRAM                                                                                                                                                                ; AUTO ; Simple Dual Port ; 16           ; 48           ; 16           ; 48           ; 768    ; None ;
; EventBuilder:TheBuilder|Fifo_2048x32:OutputFifo|scfifo:scfifo_component|scfifo_jf31:auto_generated|a_dpfifo_ql31:dpfifo|altsyncram_6c81:FIFOram|ALTSYNCRAM                                                                                                                                                ; AUTO ; Simple Dual Port ; 2048         ; 32           ; 2048         ; 32           ; 65536  ; None ;
; FastSdramFifoIf:SdramFifoHandler|Fifo_16x20:OutputFifo_BlockWordCount|scfifo:scfifo_component|scfifo_jo21:auto_generated|a_dpfifo_qu21:dpfifo|altsyncram_m281:FIFOram|ALTSYNCRAM                                                                                                                          ; AUTO ; Simple Dual Port ; 16           ; 20           ; 16           ; 20           ; 320    ; None ;
; Histogrammer:AdcHisto0|SpRam_4096x32:HistoRam|altsyncram:altsyncram_component|altsyncram_o2a1:auto_generated|ALTSYNCRAM                                                                                                                                                                                   ; AUTO ; Single Port      ; 4096         ; 32           ; --           ; --           ; 131072 ; None ;
; Histogrammer:AdcHisto1|SpRam_4096x32:HistoRam|altsyncram:altsyncram_component|altsyncram_o2a1:auto_generated|ALTSYNCRAM                                                                                                                                                                                   ; AUTO ; Single Port      ; 4096         ; 32           ; --           ; --           ; 131072 ; None ;
; SevenChannels:ApvProcessor_8_14|ChannelProcessor:Ch0|ApvReadout:ApvFrameDecoder|ApvDataFifo_4096x13_26:DataFifo|dcfifo_mixed_widths:dcfifo_mixed_widths_component|dcfifo_jkk1:auto_generated|altsyncram_fgu:fifo_ram|ALTSYNCRAM                                                                           ; AUTO ; Simple Dual Port ; 4096         ; 13           ; 2048         ; 26           ; 53248  ; None ;
; SevenChannels:ApvProcessor_8_14|ChannelProcessor:Ch1|ApvReadout:ApvFrameDecoder|ApvDataFifo_4096x13_26:DataFifo|dcfifo_mixed_widths:dcfifo_mixed_widths_component|dcfifo_jkk1:auto_generated|altsyncram_fgu:fifo_ram|ALTSYNCRAM                                                                           ; AUTO ; Simple Dual Port ; 4096         ; 13           ; 2048         ; 26           ; 53248  ; None ;
; SevenChannels:ApvProcessor_8_14|ChannelProcessor:Ch2|ApvReadout:ApvFrameDecoder|ApvDataFifo_4096x13_26:DataFifo|dcfifo_mixed_widths:dcfifo_mixed_widths_component|dcfifo_jkk1:auto_generated|altsyncram_fgu:fifo_ram|ALTSYNCRAM                                                                           ; AUTO ; Simple Dual Port ; 4096         ; 13           ; 2048         ; 26           ; 53248  ; None ;
; SevenChannels:ApvProcessor_8_14|ChannelProcessor:Ch3|ApvReadout:ApvFrameDecoder|ApvDataFifo_4096x13_26:DataFifo|dcfifo_mixed_widths:dcfifo_mixed_widths_component|dcfifo_jkk1:auto_generated|altsyncram_fgu:fifo_ram|ALTSYNCRAM                                                                           ; AUTO ; Simple Dual Port ; 4096         ; 13           ; 2048         ; 26           ; 53248  ; None ;
; SevenChannels:ApvProcessor_8_14|ChannelProcessor:Ch4|ApvReadout:ApvFrameDecoder|ApvDataFifo_4096x13_26:DataFifo|dcfifo_mixed_widths:dcfifo_mixed_widths_component|dcfifo_jkk1:auto_generated|altsyncram_fgu:fifo_ram|ALTSYNCRAM                                                                           ; AUTO ; Simple Dual Port ; 4096         ; 13           ; 2048         ; 26           ; 53248  ; None ;
; SevenChannels:ApvProcessor_8_14|ChannelProcessor:Ch5|ApvReadout:ApvFrameDecoder|ApvDataFifo_4096x13_26:DataFifo|dcfifo_mixed_widths:dcfifo_mixed_widths_component|dcfifo_jkk1:auto_generated|altsyncram_fgu:fifo_ram|ALTSYNCRAM                                                                           ; AUTO ; Simple Dual Port ; 4096         ; 13           ; 2048         ; 26           ; 53248  ; None ;
; SevenChannels:ApvProcessor_8_14|ChannelProcessor:Ch6|ApvReadout:ApvFrameDecoder|ApvDataFifo_4096x13_26:DataFifo|dcfifo_mixed_widths:dcfifo_mixed_widths_component|dcfifo_jkk1:auto_generated|altsyncram_fgu:fifo_ram|ALTSYNCRAM                                                                           ; AUTO ; Simple Dual Port ; 4096         ; 13           ; 2048         ; 26           ; 53248  ; None ;
; mpd_fiber_interface:AuroraInterface|aurora_8b10b_arria_gxb:aurora_8b10b_arria_gxb_inst|aurora_8b10b_v5_3:aurora_8b10b_v5_3_inst|aurora_8b10b_v5_3_GTX_WRAPPER:gtx_wrapper_i|gxb_clockcompensate:gxb_clockcompensate_inst|dcfifo:dcfifo_inst|dcfifo_66u1:auto_generated|altsyncram_kdu:fifo_ram|ALTSYNCRAM ; AUTO ; Simple Dual Port ; 32           ; 24           ; 32           ; 24           ; 768    ; None ;
; mpd_fiber_interface:AuroraInterface|mpd_fiber_slave:mpd_fiber_slave_inst|mpd_fiber_reg_slave:mpd_fiber_reg_slave_inst|dcfifo:dcfifo_inst_ack|dcfifo_pu32:auto_generated|altsyncram_pe01:fifo_ram|ALTSYNCRAM                                                                                               ; AUTO ; Simple Dual Port ; 16           ; 34           ; 16           ; 34           ; 544    ; None ;
; mpd_fiber_interface:AuroraInterface|mpd_fiber_slave:mpd_fiber_slave_inst|mpd_fiber_reg_slave:mpd_fiber_reg_slave_inst|dcfifo:dcfifo_inst_cmd|dcfifo_1v32:auto_generated|altsyncram_1f01:fifo_ram|ALTSYNCRAM                                                                                               ; AUTO ; Simple Dual Port ; 16           ; 65           ; 16           ; 65           ; 1040   ; None ;
; mpd_fiber_interface:AuroraInterface|mpd_fiber_slave:mpd_fiber_slave_inst|mpd_fiber_tx_event:mpd_fiber_tx_event_inst|dcfifo:dcfifo_inst|dcfifo_dm42:auto_generated|altsyncram_te01:fifo_ram|ALTSYNCRAM                                                                                                     ; AUTO ; Simple Dual Port ; 128          ; 33           ; 128          ; 33           ; 4224   ; None ;
+-----------------------------------------------------------------------------------------------------------------------------------------------------------------------------------------------------------------------------------------------------------------------------------------------------------+------+------------------+--------------+--------------+--------------+--------------+--------+------+


+------------------------------------------------+
; Partition Merge DSP Block Usage Summary        ;
+----------------------------------+-------------+
; Statistic                        ; Number Used ;
+----------------------------------+-------------+
; Simple Multipliers (9-bit)       ; 0           ;
; Simple Multipliers (18-bit)      ; 0           ;
; Simple Multipliers (36-bit)      ; 0           ;
; Multiply Accumulators (18-bit)   ; 0           ;
; Two-Multipliers Adders (9-bit)   ; 0           ;
; Two-Multipliers Adders (18-bit)  ; 0           ;
; Four-Multipliers Adders (9-bit)  ; 0           ;
; Four-Multipliers Adders (18-bit) ; 30          ;
; Dynamic DSP Blocks               ; 0           ;
; DSP Blocks                       ; --          ;
; DSP Block 9-bit Elements         ; 240         ;
; Signed Multipliers               ; 0           ;
; Unsigned Multipliers             ; 0           ;
; Mixed Sign Multipliers           ; 120         ;
; Variable Sign Multipliers        ; 0           ;
; Dedicated Shift Register Chains  ; 0           ;
+----------------------------------+-------------+
Note: number of DSP Blocks used is only available after a successful fit.


+--------------------------+
; Partition Merge Messages ;
+--------------------------+
Info: *******************************************************************
Info: Running Quartus II 64-Bit Partition Merge
    Info: Version 13.0.1 Build 232 06/12/2013 Service Pack 1.78 SJ Full Version
    Info: Processing started: Wed Sep 29 11:12:36 2021
Info: Command: quartus_cdb --read_settings_files=off --write_settings_files=off Fpga -c Fpga --merge=on
Info (35007): Using synthesis netlist for partition "Top"
Info (35007): Using synthesis netlist for partition "AdcDeser:AdcDeser0"
Info (35007): Using synthesis netlist for partition "AdcDeser:AdcDeser1"
Info (35002): Resolved and merged 3 partition(s)
Info (16010): Generating hard_block partition "hard_block:auto_generated_inst"
    Info (16011): Adding 7 node(s), including 0 DDIO, 2 PLL, 2 transceiver and 0 LCELL
Info (35047): Found 12 ports with no fan-out. For more information, refer to the Partition Merger report
Warning (35016): Found partition port(s) not driving logic, possibly wasting area
    Warning (35018): Partition port "AdcDeser:AdcDeser1|ADC_PDATA7[0]", driven by node "AdcDeser:AdcDeser1|AdcOneDeser:Deser7|PDATA[0]", does not drive logic
    Warning (35018): Partition port "AdcDeser:AdcDeser1|ADC_PDATA7[1]", driven by node "AdcDeser:AdcDeser1|AdcOneDeser:Deser7|PDATA[1]", does not drive logic
    Warning (35018): Partition port "AdcDeser:AdcDeser1|ADC_PDATA7[2]", driven by node "AdcDeser:AdcDeser1|AdcOneDeser:Deser7|PDATA[2]", does not drive logic
    Warning (35018): Partition port "AdcDeser:AdcDeser1|ADC_PDATA7[3]", driven by node "AdcDeser:AdcDeser1|AdcOneDeser:Deser7|PDATA[3]", does not drive logic
    Warning (35018): Partition port "AdcDeser:AdcDeser1|ADC_PDATA7[4]", driven by node "AdcDeser:AdcDeser1|AdcOneDeser:Deser7|PDATA[4]", does not drive logic
    Warning (35018): Partition port "AdcDeser:AdcDeser1|ADC_PDATA7[5]", driven by node "AdcDeser:AdcDeser1|AdcOneDeser:Deser7|PDATA[5]", does not drive logic
    Warning (35018): Partition port "AdcDeser:AdcDeser1|ADC_PDATA7[6]", driven by node "AdcDeser:AdcDeser1|AdcOneDeser:Deser7|PDATA[6]", does not drive logic
    Warning (35018): Partition port "AdcDeser:AdcDeser1|ADC_PDATA7[7]", driven by node "AdcDeser:AdcDeser1|AdcOneDeser:Deser7|PDATA[7]", does not drive logic
    Warning (35018): Partition port "AdcDeser:AdcDeser1|ADC_PDATA7[8]", driven by node "AdcDeser:AdcDeser1|AdcOneDeser:Deser7|PDATA[8]", does not drive logic
    Warning (35018): Partition port "AdcDeser:AdcDeser1|ADC_PDATA7[9]", driven by node "AdcDeser:AdcDeser1|AdcOneDeser:Deser7|PDATA[9]", does not drive logic
    Warning (35018): Partition port "AdcDeser:AdcDeser1|ADC_PDATA7[10]", driven by node "AdcDeser:AdcDeser1|AdcOneDeser:Deser7|PDATA[10]", does not drive logic
    Warning (35018): Partition port "AdcDeser:AdcDeser1|ADC_PDATA7[11]", driven by node "AdcDeser:AdcDeser1|AdcOneDeser:Deser7|PDATA[11]", does not drive logic
Warning (21074): Design contains 27 input pin(s) that do not drive logic
    Warning (15610): No output dependent on input pin "MASTER_CLOCK2"
    Warning (15610): No output dependent on input pin "VME_GA[5]"
    Warning (15610): No output dependent on input pin "VME_IACKb"
    Warning (15610): No output dependent on input pin "VME_IACKINb"
    Warning (15610): No output dependent on input pin "VME_LIIb"
    Warning (15610): No output dependent on input pin "USER_IN_TTL[1]"
    Warning (15610): No output dependent on input pin "MII_TX_CLK"
    Warning (15610): No output dependent on input pin "MII_RX_CLK"
    Warning (15610): No output dependent on input pin "MII_RX_DV"
    Warning (15610): No output dependent on input pin "MII_RX_ER"
    Warning (15610): No output dependent on input pin "MII_RXD[0]"
    Warning (15610): No output dependent on input pin "MII_RXD[1]"
    Warning (15610): No output dependent on input pin "MII_RXD[2]"
    Warning (15610): No output dependent on input pin "MII_RXD[3]"
    Warning (15610): No output dependent on input pin "MII_CRS"
    Warning (15610): No output dependent on input pin "MII_COL"
    Warning (15610): No output dependent on input pin "SD_DETECT"
    Warning (15610): No output dependent on input pin "SD_CD"
    Warning (15610): No output dependent on input pin "SWITCH[0]"
    Warning (15610): No output dependent on input pin "SWITCH[2]"
    Warning (15610): No output dependent on input pin "SWITCH[3]"
    Warning (15610): No output dependent on input pin "TRIG1_IN"
    Warning (15610): No output dependent on input pin "TRIG2_IN"
    Warning (15610): No output dependent on input pin "SYNC_IN"
    Warning (15610): No output dependent on input pin "STATBIT_A_IN"
    Warning (15610): No output dependent on input pin "STATBIT_B_IN"
    Warning (15610): No output dependent on input pin "CLK_IN_P0"
Info (21057): Implemented 22554 device resources after synthesis - the final resource count might be different
    Info (21058): Implemented 75 input pins
    Info (21059): Implemented 86 output pins
    Info (21060): Implemented 125 bidirectional pins
    Info (21061): Implemented 21520 logic cells
    Info (21064): Implemented 499 RAM segments
    Info (21065): Implemented 2 PLLs
    Info (21062): Implemented 240 DSP elements
Info: Quartus II 64-Bit Partition Merge was successful. 0 errors, 41 warnings
    Info: Peak virtual memory: 1050 megabytes
    Info: Processing ended: Wed Sep 29 11:12:40 2021
    Info: Elapsed time: 00:00:04
    Info: Total CPU time (on all processors): 00:00:05


