------------------------------------------------------------
TimeQuest Timing Analyzer Summary
------------------------------------------------------------

Type  : Slow Model Setup 'Ck_40MHz_virt'
Slack : -18.783
TNS   : -46.339

Type  : Slow Model Setup 'Ck_100MHz_virt'
Slack : -8.380
TNS   : -271.827

Type  : Slow Model Setup 'ADC_LCLK1'
Slack : -4.251
TNS   : -130.221

Type  : Slow Model Setup 'ADC_LCLK2'
Slack : -3.820
TNS   : -130.624

Type  : Slow Model Setup 'PLL_Local_Clk_inst|altpll_component|pll|clk[0]'
Slack : -3.521
TNS   : -416.690

Type  : Slow Model Setup 'AuroraInterface|aurora_8b10b_arria_gxb_inst|aurora_8b10b_v5_3_inst|gtx_wrapper_i|gxb_transceiver_inst|alt2gxb_component|channel_tx[0].transmit|clkout'
Slack : -3.081
TNS   : -66.182

Type  : Slow Model Setup 'n/a'
Slack : -2.776
TNS   : -4.972

Type  : Slow Model Setup 'PLL_Global_Clk_inst|altpll_component|pll|clk[0]~1'
Slack : -2.625
TNS   : -5.194

Type  : Slow Model Setup 'ADC_FRAME_CK2'
Slack : -2.483
TNS   : -3.571

Type  : Slow Model Setup 'ADC_FRAME_CK1'
Slack : -2.148
TNS   : -6.928

Type  : Slow Model Setup 'PLL_Global_Clk_inst|altpll_component|pll|clk[0]'
Slack : -1.629
TNS   : -13.912

Type  : Slow Model Setup 'PLL_Local_Clk_inst|altpll_component|pll|clk[1]'
Slack : 4.633
TNS   : 0.000

Type  : Slow Model Setup 'AuroraInterface|aurora_8b10b_arria_gxb_inst|aurora_8b10b_v5_3_inst|gtx_wrapper_i|gxb_transceiver_inst|alt2gxb_component|channel_rec[0].receive|clkout'
Slack : 11.457
TNS   : 0.000

Type  : Slow Model Setup 'Ck_10MHz_virt'
Slack : 16.086
TNS   : 0.000

Type  : Slow Model Setup 'MASTER_CLOCK'
Slack : 20.013
TNS   : 0.000

Type  : Slow Model Setup 'PLL_Local_Clk_inst|altpll_component|pll|clk[2]'
Slack : 827.725
TNS   : 0.000

Type  : Slow Model Hold 'ADC_LCLK1'
Slack : -0.792
TNS   : -13.717

Type  : Slow Model Hold 'ADC_LCLK2'
Slack : -0.761
TNS   : -12.616

Type  : Slow Model Hold 'ADC_FRAME_CK1'
Slack : 0.490
TNS   : 0.000

Type  : Slow Model Hold 'ADC_FRAME_CK2'
Slack : 0.490
TNS   : 0.000

Type  : Slow Model Hold 'AuroraInterface|aurora_8b10b_arria_gxb_inst|aurora_8b10b_v5_3_inst|gtx_wrapper_i|gxb_transceiver_inst|alt2gxb_component|channel_rec[0].receive|clkout'
Slack : 0.490
TNS   : 0.000

Type  : Slow Model Hold 'AuroraInterface|aurora_8b10b_arria_gxb_inst|aurora_8b10b_v5_3_inst|gtx_wrapper_i|gxb_transceiver_inst|alt2gxb_component|channel_tx[0].transmit|clkout'
Slack : 0.490
TNS   : 0.000

Type  : Slow Model Hold 'PLL_Global_Clk_inst|altpll_component|pll|clk[0]'
Slack : 0.490
TNS   : 0.000

Type  : Slow Model Hold 'PLL_Global_Clk_inst|altpll_component|pll|clk[0]~1'
Slack : 0.490
TNS   : 0.000

Type  : Slow Model Hold 'PLL_Local_Clk_inst|altpll_component|pll|clk[0]'
Slack : 0.490
TNS   : 0.000

Type  : Slow Model Hold 'PLL_Local_Clk_inst|altpll_component|pll|clk[1]'
Slack : 0.490
TNS   : 0.000

Type  : Slow Model Hold 'PLL_Local_Clk_inst|altpll_component|pll|clk[2]'
Slack : 0.490
TNS   : 0.000

Type  : Slow Model Hold 'MASTER_CLOCK'
Slack : 0.509
TNS   : 0.000

Type  : Slow Model Hold 'Ck_100MHz_virt'
Slack : 5.301
TNS   : 0.000

Type  : Slow Model Hold 'n/a'
Slack : 5.655
TNS   : 0.000

Type  : Slow Model Hold 'Ck_10MHz_virt'
Slack : 6.914
TNS   : 0.000

Type  : Slow Model Hold 'Ck_40MHz_virt'
Slack : 7.102
TNS   : 0.000

Type  : Slow Model Recovery 'PLL_Local_Clk_inst|altpll_component|pll|clk[2]'
Slack : -4.638
TNS   : -5.317

Type  : Slow Model Recovery 'PLL_Global_Clk_inst|altpll_component|pll|clk[0]'
Slack : -2.282
TNS   : -337.736

Type  : Slow Model Recovery 'ADC_FRAME_CK2'
Slack : -2.045
TNS   : -1251.254

Type  : Slow Model Recovery 'ADC_FRAME_CK1'
Slack : -2.025
TNS   : -1403.498

Type  : Slow Model Recovery 'PLL_Local_Clk_inst|altpll_component|pll|clk[0]'
Slack : -1.370
TNS   : -278.891

Type  : Slow Model Recovery 'AuroraInterface|aurora_8b10b_arria_gxb_inst|aurora_8b10b_v5_3_inst|gtx_wrapper_i|gxb_transceiver_inst|alt2gxb_component|channel_tx[0].transmit|clkout'
Slack : -1.366
TNS   : -16.245

Type  : Slow Model Recovery 'MASTER_CLOCK'
Slack : 0.358
TNS   : 0.000

Type  : Slow Model Recovery 'PLL_Local_Clk_inst|altpll_component|pll|clk[1]'
Slack : 20.033
TNS   : 0.000

Type  : Slow Model Recovery 'PLL_Global_Clk_inst|altpll_component|pll|clk[0]~1'
Slack : 21.285
TNS   : 0.000

Type  : Slow Model Removal 'PLL_Global_Clk_inst|altpll_component|pll|clk[0]'
Slack : 1.071
TNS   : 0.000

Type  : Slow Model Removal 'PLL_Global_Clk_inst|altpll_component|pll|clk[0]~1'
Slack : 1.071
TNS   : 0.000

Type  : Slow Model Removal 'ADC_FRAME_CK2'
Slack : 1.072
TNS   : 0.000

Type  : Slow Model Removal 'AuroraInterface|aurora_8b10b_arria_gxb_inst|aurora_8b10b_v5_3_inst|gtx_wrapper_i|gxb_transceiver_inst|alt2gxb_component|channel_tx[0].transmit|clkout'
Slack : 1.073
TNS   : 0.000

Type  : Slow Model Removal 'ADC_FRAME_CK1'
Slack : 1.087
TNS   : 0.000

Type  : Slow Model Removal 'PLL_Local_Clk_inst|altpll_component|pll|clk[0]'
Slack : 1.242
TNS   : 0.000

Type  : Slow Model Removal 'PLL_Local_Clk_inst|altpll_component|pll|clk[1]'
Slack : 1.470
TNS   : 0.000

Type  : Slow Model Removal 'PLL_Local_Clk_inst|altpll_component|pll|clk[2]'
Slack : 1.685
TNS   : 0.000

Type  : Slow Model Removal 'MASTER_CLOCK'
Slack : 2.032
TNS   : 0.000

Type  : Slow Model Minimum Pulse Width 'ADC_LCLK1'
Slack : 0.082
TNS   : 0.000

Type  : Slow Model Minimum Pulse Width 'ADC_LCLK2'
Slack : 0.745
TNS   : 0.000

Type  : Slow Model Minimum Pulse Width 'PLL_Local_Clk_inst|altpll_component|pll|clk[0]'
Slack : 3.490
TNS   : 0.000

Type  : Slow Model Minimum Pulse Width 'AuroraInterface|aurora_8b10b_arria_gxb_inst|aurora_8b10b_v5_3_inst|gtx_wrapper_i|gxb_transceiver_inst|alt2gxb_component|channel_rec[0].receive|clkout'
Slack : 5.750
TNS   : 0.000

Type  : Slow Model Minimum Pulse Width 'AuroraInterface|aurora_8b10b_arria_gxb_inst|aurora_8b10b_v5_3_inst|gtx_wrapper_i|gxb_transceiver_inst|alt2gxb_component|channel_tx[0].transmit|clkout'
Slack : 5.750
TNS   : 0.000

Type  : Slow Model Minimum Pulse Width 'ADC_FRAME_CK1'
Slack : 10.490
TNS   : 0.000

Type  : Slow Model Minimum Pulse Width 'ADC_FRAME_CK2'
Slack : 10.490
TNS   : 0.000

Type  : Slow Model Minimum Pulse Width 'PLL_Global_Clk_inst|altpll_component|pll|clk[0]'
Slack : 10.490
TNS   : 0.000

Type  : Slow Model Minimum Pulse Width 'PLL_Global_Clk_inst|altpll_component|pll|clk[0]~1'
Slack : 10.990
TNS   : 0.000

Type  : Slow Model Minimum Pulse Width 'MASTER_CLOCK'
Slack : 11.623
TNS   : 0.000

Type  : Slow Model Minimum Pulse Width 'ExtClk'
Slack : 12.000
TNS   : 0.000

Type  : Slow Model Minimum Pulse Width 'GXB_CK'
Slack : 13.325
TNS   : 0.000

Type  : Slow Model Minimum Pulse Width 'PLL_Local_Clk_inst|altpll_component|pll|clk[1]'
Slack : 49.123
TNS   : 0.000

Type  : Slow Model Minimum Pulse Width 'PLL_Local_Clk_inst|altpll_component|pll|clk[2]'
Slack : 415.789
TNS   : 0.000

Type  : Fast Model Setup 'Ck_40MHz_virt'
Slack : -13.509
TNS   : -32.421

Type  : Fast Model Setup 'Ck_100MHz_virt'
Slack : -4.436
TNS   : -4.436

Type  : Fast Model Setup 'PLL_Global_Clk_inst|altpll_component|pll|clk[0]~1'
Slack : -3.800
TNS   : -7.567

Type  : Fast Model Setup 'ADC_LCLK1'
Slack : -1.681
TNS   : -62.710

Type  : Fast Model Setup 'ADC_LCLK2'
Slack : -1.476
TNS   : -60.625

Type  : Fast Model Setup 'PLL_Local_Clk_inst|altpll_component|pll|clk[0]'
Slack : -1.328
TNS   : -92.533

Type  : Fast Model Setup 'AuroraInterface|aurora_8b10b_arria_gxb_inst|aurora_8b10b_v5_3_inst|gtx_wrapper_i|gxb_transceiver_inst|alt2gxb_component|channel_tx[0].transmit|clkout'
Slack : -0.650
TNS   : -10.141

Type  : Fast Model Setup 'ADC_FRAME_CK1'
Slack : -0.459
TNS   : -0.459

Type  : Fast Model Setup 'ADC_FRAME_CK2'
Slack : -0.391
TNS   : -0.406

Type  : Fast Model Setup 'PLL_Global_Clk_inst|altpll_component|pll|clk[0]'
Slack : 0.008
TNS   : 0.000

Type  : Fast Model Setup 'n/a'
Slack : 1.497
TNS   : 0.000

Type  : Fast Model Setup 'PLL_Local_Clk_inst|altpll_component|pll|clk[1]'
Slack : 7.854
TNS   : 0.000

Type  : Fast Model Setup 'AuroraInterface|aurora_8b10b_arria_gxb_inst|aurora_8b10b_v5_3_inst|gtx_wrapper_i|gxb_transceiver_inst|alt2gxb_component|channel_rec[0].receive|clkout'
Slack : 14.234
TNS   : 0.000

Type  : Fast Model Setup 'Ck_10MHz_virt'
Slack : 21.159
TNS   : 0.000

Type  : Fast Model Setup 'MASTER_CLOCK'
Slack : 23.006
TNS   : 0.000

Type  : Fast Model Setup 'PLL_Local_Clk_inst|altpll_component|pll|clk[2]'
Slack : 831.153
TNS   : 0.000

Type  : Fast Model Hold 'ADC_LCLK2'
Slack : -2.394
TNS   : -61.957

Type  : Fast Model Hold 'ADC_LCLK1'
Slack : -1.935
TNS   : -49.121

Type  : Fast Model Hold 'PLL_Global_Clk_inst|altpll_component|pll|clk[0]'
Slack : 0.024
TNS   : 0.000

Type  : Fast Model Hold 'PLL_Global_Clk_inst|altpll_component|pll|clk[0]~1'
Slack : 0.126
TNS   : 0.000

Type  : Fast Model Hold 'ADC_FRAME_CK1'
Slack : 0.212
TNS   : 0.000

Type  : Fast Model Hold 'ADC_FRAME_CK2'
Slack : 0.212
TNS   : 0.000

Type  : Fast Model Hold 'AuroraInterface|aurora_8b10b_arria_gxb_inst|aurora_8b10b_v5_3_inst|gtx_wrapper_i|gxb_transceiver_inst|alt2gxb_component|channel_tx[0].transmit|clkout'
Slack : 0.212
TNS   : 0.000

Type  : Fast Model Hold 'PLL_Local_Clk_inst|altpll_component|pll|clk[0]'
Slack : 0.212
TNS   : 0.000

Type  : Fast Model Hold 'MASTER_CLOCK'
Slack : 0.213
TNS   : 0.000

Type  : Fast Model Hold 'PLL_Local_Clk_inst|altpll_component|pll|clk[1]'
Slack : 0.215
TNS   : 0.000

Type  : Fast Model Hold 'AuroraInterface|aurora_8b10b_arria_gxb_inst|aurora_8b10b_v5_3_inst|gtx_wrapper_i|gxb_transceiver_inst|alt2gxb_component|channel_rec[0].receive|clkout'
Slack : 0.224
TNS   : 0.000

Type  : Fast Model Hold 'PLL_Local_Clk_inst|altpll_component|pll|clk[2]'
Slack : 0.224
TNS   : 0.000

Type  : Fast Model Hold 'Ck_100MHz_virt'
Slack : 1.808
TNS   : 0.000

Type  : Fast Model Hold 'Ck_10MHz_virt'
Slack : 1.841
TNS   : 0.000

Type  : Fast Model Hold 'Ck_40MHz_virt'
Slack : 2.697
TNS   : 0.000

Type  : Fast Model Hold 'n/a'
Slack : 3.314
TNS   : 0.000

Type  : Fast Model Recovery 'PLL_Local_Clk_inst|altpll_component|pll|clk[2]'
Slack : -2.161
TNS   : -2.161

Type  : Fast Model Recovery 'PLL_Global_Clk_inst|altpll_component|pll|clk[0]'
Slack : -0.294
TNS   : -43.512

Type  : Fast Model Recovery 'AuroraInterface|aurora_8b10b_arria_gxb_inst|aurora_8b10b_v5_3_inst|gtx_wrapper_i|gxb_transceiver_inst|alt2gxb_component|channel_tx[0].transmit|clkout'
Slack : 0.013
TNS   : 0.000

Type  : Fast Model Recovery 'ADC_FRAME_CK2'
Slack : 0.269
TNS   : 0.000

Type  : Fast Model Recovery 'ADC_FRAME_CK1'
Slack : 0.286
TNS   : 0.000

Type  : Fast Model Recovery 'PLL_Local_Clk_inst|altpll_component|pll|clk[0]'
Slack : 0.351
TNS   : 0.000

Type  : Fast Model Recovery 'MASTER_CLOCK'
Slack : 2.852
TNS   : 0.000

Type  : Fast Model Recovery 'PLL_Local_Clk_inst|altpll_component|pll|clk[1]'
Slack : 22.846
TNS   : 0.000

Type  : Fast Model Recovery 'PLL_Global_Clk_inst|altpll_component|pll|clk[0]~1'
Slack : 23.604
TNS   : 0.000

Type  : Fast Model Removal 'ADC_FRAME_CK2'
Slack : 0.474
TNS   : 0.000

Type  : Fast Model Removal 'AuroraInterface|aurora_8b10b_arria_gxb_inst|aurora_8b10b_v5_3_inst|gtx_wrapper_i|gxb_transceiver_inst|alt2gxb_component|channel_tx[0].transmit|clkout'
Slack : 0.474
TNS   : 0.000

Type  : Fast Model Removal 'PLL_Global_Clk_inst|altpll_component|pll|clk[0]'
Slack : 0.474
TNS   : 0.000

Type  : Fast Model Removal 'PLL_Global_Clk_inst|altpll_component|pll|clk[0]~1'
Slack : 0.474
TNS   : 0.000

Type  : Fast Model Removal 'ADC_FRAME_CK1'
Slack : 0.479
TNS   : 0.000

Type  : Fast Model Removal 'PLL_Local_Clk_inst|altpll_component|pll|clk[0]'
Slack : 0.507
TNS   : 0.000

Type  : Fast Model Removal 'PLL_Local_Clk_inst|altpll_component|pll|clk[1]'
Slack : 0.641
TNS   : 0.000

Type  : Fast Model Removal 'PLL_Local_Clk_inst|altpll_component|pll|clk[2]'
Slack : 0.723
TNS   : 0.000

Type  : Fast Model Removal 'MASTER_CLOCK'
Slack : 0.805
TNS   : 0.000

Type  : Fast Model Minimum Pulse Width 'ADC_LCLK1'
Slack : 0.681
TNS   : 0.000

Type  : Fast Model Minimum Pulse Width 'ADC_LCLK2'
Slack : 1.141
TNS   : 0.000

Type  : Fast Model Minimum Pulse Width 'PLL_Local_Clk_inst|altpll_component|pll|clk[0]'
Slack : 3.948
TNS   : 0.000

Type  : Fast Model Minimum Pulse Width 'AuroraInterface|aurora_8b10b_arria_gxb_inst|aurora_8b10b_v5_3_inst|gtx_wrapper_i|gxb_transceiver_inst|alt2gxb_component|channel_rec[0].receive|clkout'
Slack : 6.200
TNS   : 0.000

Type  : Fast Model Minimum Pulse Width 'AuroraInterface|aurora_8b10b_arria_gxb_inst|aurora_8b10b_v5_3_inst|gtx_wrapper_i|gxb_transceiver_inst|alt2gxb_component|channel_tx[0].transmit|clkout'
Slack : 6.200
TNS   : 0.000

Type  : Fast Model Minimum Pulse Width 'ADC_FRAME_CK1'
Slack : 10.948
TNS   : 0.000

Type  : Fast Model Minimum Pulse Width 'ADC_FRAME_CK2'
Slack : 10.948
TNS   : 0.000

Type  : Fast Model Minimum Pulse Width 'PLL_Global_Clk_inst|altpll_component|pll|clk[0]'
Slack : 10.948
TNS   : 0.000

Type  : Fast Model Minimum Pulse Width 'PLL_Global_Clk_inst|altpll_component|pll|clk[0]~1'
Slack : 11.448
TNS   : 0.000

Type  : Fast Model Minimum Pulse Width 'MASTER_CLOCK'
Slack : 11.870
TNS   : 0.000

Type  : Fast Model Minimum Pulse Width 'ExtClk'
Slack : 12.000
TNS   : 0.000

Type  : Fast Model Minimum Pulse Width 'GXB_CK'
Slack : 14.000
TNS   : 0.000

Type  : Fast Model Minimum Pulse Width 'PLL_Local_Clk_inst|altpll_component|pll|clk[1]'
Slack : 49.370
TNS   : 0.000

Type  : Fast Model Minimum Pulse Width 'PLL_Local_Clk_inst|altpll_component|pll|clk[2]'
Slack : 416.036
TNS   : 0.000

------------------------------------------------------------
