------------------------------------------------------------
TimeQuest Timing Analyzer Summary
------------------------------------------------------------

Type  : Slow Model Setup 'Ck_40MHz_virt'
Slack : -19.220
TNS   : -47.634

Type  : Slow Model Setup 'PLL_Global_Clk_inst|altpll_component|pll|clk[0]'
Slack : -16.192
TNS   : -35.398

Type  : Slow Model Setup 'Ck_100MHz_virt'
Slack : -8.380
TNS   : -282.922

Type  : Slow Model Setup 'ADC_LCLK2'
Slack : -4.049
TNS   : -128.353

Type  : Slow Model Setup 'ADC_LCLK1'
Slack : -3.669
TNS   : -125.601

Type  : Slow Model Setup 'PLL_Local_Clk_inst|altpll_component|pll|clk[0]'
Slack : -3.319
TNS   : -396.759

Type  : Slow Model Setup 'n/a'
Slack : -2.776
TNS   : -4.972

Type  : Slow Model Setup 'AuroraInterface|aurora_8b10b_arria_gxb_inst|aurora_8b10b_v5_3_inst|gtx_wrapper_i|gxb_transceiver_inst|alt2gxb_component|channel_tx[0].transmit|clkout'
Slack : -1.881
TNS   : -39.993

Type  : Slow Model Setup 'ADC_FRAME_CK1'
Slack : -1.224
TNS   : -1.224

Type  : Slow Model Setup 'ADC_FRAME_CK2'
Slack : -0.931
TNS   : -0.931

Type  : Slow Model Setup 'PLL_Global_Clk_inst|altpll_component|pll|clk[0]~1'
Slack : 2.872
TNS   : 0.000

Type  : Slow Model Setup 'PLL_Local_Clk_inst|altpll_component|pll|clk[1]'
Slack : 2.896
TNS   : 0.000

Type  : Slow Model Setup 'AuroraInterface|aurora_8b10b_arria_gxb_inst|aurora_8b10b_v5_3_inst|gtx_wrapper_i|gxb_transceiver_inst|alt2gxb_component|channel_rec[0].receive|clkout'
Slack : 10.916
TNS   : 0.000

Type  : Slow Model Setup 'Ck_10MHz_virt'
Slack : 13.241
TNS   : 0.000

Type  : Slow Model Setup 'MASTER_CLOCK'
Slack : 21.300
TNS   : 0.000

Type  : Slow Model Setup 'PLL_Local_Clk_inst|altpll_component|pll|clk[2]'
Slack : 829.815
TNS   : 0.000

Type  : Slow Model Hold 'PLL_Global_Clk_inst|altpll_component|pll|clk[0]'
Slack : -2.381
TNS   : -4.706

Type  : Slow Model Hold 'PLL_Global_Clk_inst|altpll_component|pll|clk[0]~1'
Slack : -1.948
TNS   : -3.840

Type  : Slow Model Hold 'ADC_LCLK1'
Slack : -0.792
TNS   : -13.742

Type  : Slow Model Hold 'ADC_LCLK2'
Slack : -0.761
TNS   : -12.475

Type  : Slow Model Hold 'ADC_FRAME_CK1'
Slack : 0.490
TNS   : 0.000

Type  : Slow Model Hold 'ADC_FRAME_CK2'
Slack : 0.490
TNS   : 0.000

Type  : Slow Model Hold 'AuroraInterface|aurora_8b10b_arria_gxb_inst|aurora_8b10b_v5_3_inst|gtx_wrapper_i|gxb_transceiver_inst|alt2gxb_component|channel_rec[0].receive|clkout'
Slack : 0.490
TNS   : 0.000

Type  : Slow Model Hold 'AuroraInterface|aurora_8b10b_arria_gxb_inst|aurora_8b10b_v5_3_inst|gtx_wrapper_i|gxb_transceiver_inst|alt2gxb_component|channel_tx[0].transmit|clkout'
Slack : 0.490
TNS   : 0.000

Type  : Slow Model Hold 'PLL_Local_Clk_inst|altpll_component|pll|clk[0]'
Slack : 0.490
TNS   : 0.000

Type  : Slow Model Hold 'PLL_Local_Clk_inst|altpll_component|pll|clk[1]'
Slack : 0.490
TNS   : 0.000

Type  : Slow Model Hold 'PLL_Local_Clk_inst|altpll_component|pll|clk[2]'
Slack : 0.490
TNS   : 0.000

Type  : Slow Model Hold 'MASTER_CLOCK'
Slack : 0.514
TNS   : 0.000

Type  : Slow Model Hold 'Ck_10MHz_virt'
Slack : 5.328
TNS   : 0.000

Type  : Slow Model Hold 'Ck_100MHz_virt'
Slack : 5.536
TNS   : 0.000

Type  : Slow Model Hold 'n/a'
Slack : 5.655
TNS   : 0.000

Type  : Slow Model Hold 'Ck_40MHz_virt'
Slack : 7.143
TNS   : 0.000

Type  : Slow Model Recovery 'PLL_Local_Clk_inst|altpll_component|pll|clk[2]'
Slack : -3.947
TNS   : -4.247

Type  : Slow Model Recovery 'PLL_Global_Clk_inst|altpll_component|pll|clk[0]'
Slack : -2.052
TNS   : -467.856

Type  : Slow Model Recovery 'PLL_Local_Clk_inst|altpll_component|pll|clk[0]'
Slack : -1.856
TNS   : -122.447

Type  : Slow Model Recovery 'AuroraInterface|aurora_8b10b_arria_gxb_inst|aurora_8b10b_v5_3_inst|gtx_wrapper_i|gxb_transceiver_inst|alt2gxb_component|channel_tx[0].transmit|clkout'
Slack : -1.108
TNS   : -13.296

Type  : Slow Model Recovery 'MASTER_CLOCK'
Slack : 0.322
TNS   : 0.000

Type  : Slow Model Recovery 'ADC_FRAME_CK2'
Slack : 0.565
TNS   : 0.000

Type  : Slow Model Recovery 'ADC_FRAME_CK1'
Slack : 0.595
TNS   : 0.000

Type  : Slow Model Recovery 'PLL_Local_Clk_inst|altpll_component|pll|clk[1]'
Slack : 20.263
TNS   : 0.000

Type  : Slow Model Recovery 'PLL_Global_Clk_inst|altpll_component|pll|clk[0]~1'
Slack : 21.515
TNS   : 0.000

Type  : Slow Model Removal 'AuroraInterface|aurora_8b10b_arria_gxb_inst|aurora_8b10b_v5_3_inst|gtx_wrapper_i|gxb_transceiver_inst|alt2gxb_component|channel_tx[0].transmit|clkout'
Slack : 1.075
TNS   : 0.000

Type  : Slow Model Removal 'PLL_Global_Clk_inst|altpll_component|pll|clk[0]'
Slack : 1.078
TNS   : 0.000

Type  : Slow Model Removal 'PLL_Global_Clk_inst|altpll_component|pll|clk[0]~1'
Slack : 1.078
TNS   : 0.000

Type  : Slow Model Removal 'ADC_FRAME_CK1'
Slack : 1.080
TNS   : 0.000

Type  : Slow Model Removal 'ADC_FRAME_CK2'
Slack : 1.085
TNS   : 0.000

Type  : Slow Model Removal 'PLL_Local_Clk_inst|altpll_component|pll|clk[0]'
Slack : 1.194
TNS   : 0.000

Type  : Slow Model Removal 'PLL_Local_Clk_inst|altpll_component|pll|clk[1]'
Slack : 1.198
TNS   : 0.000

Type  : Slow Model Removal 'PLL_Local_Clk_inst|altpll_component|pll|clk[2]'
Slack : 1.809
TNS   : 0.000

Type  : Slow Model Removal 'MASTER_CLOCK'
Slack : 3.933
TNS   : 0.000

Type  : Slow Model Minimum Pulse Width 'ADC_LCLK1'
Slack : 0.082
TNS   : 0.000

Type  : Slow Model Minimum Pulse Width 'ADC_LCLK2'
Slack : 0.745
TNS   : 0.000

Type  : Slow Model Minimum Pulse Width 'PLL_Local_Clk_inst|altpll_component|pll|clk[0]'
Slack : 3.490
TNS   : 0.000

Type  : Slow Model Minimum Pulse Width 'AuroraInterface|aurora_8b10b_arria_gxb_inst|aurora_8b10b_v5_3_inst|gtx_wrapper_i|gxb_transceiver_inst|alt2gxb_component|channel_rec[0].receive|clkout'
Slack : 5.750
TNS   : 0.000

Type  : Slow Model Minimum Pulse Width 'AuroraInterface|aurora_8b10b_arria_gxb_inst|aurora_8b10b_v5_3_inst|gtx_wrapper_i|gxb_transceiver_inst|alt2gxb_component|channel_tx[0].transmit|clkout'
Slack : 5.750
TNS   : 0.000

Type  : Slow Model Minimum Pulse Width 'PLL_Global_Clk_inst|altpll_component|pll|clk[0]'
Slack : 10.490
TNS   : 0.000

Type  : Slow Model Minimum Pulse Width 'ADC_FRAME_CK1'
Slack : 10.990
TNS   : 0.000

Type  : Slow Model Minimum Pulse Width 'ADC_FRAME_CK2'
Slack : 10.990
TNS   : 0.000

Type  : Slow Model Minimum Pulse Width 'PLL_Global_Clk_inst|altpll_component|pll|clk[0]~1'
Slack : 10.990
TNS   : 0.000

Type  : Slow Model Minimum Pulse Width 'MASTER_CLOCK'
Slack : 11.623
TNS   : 0.000

Type  : Slow Model Minimum Pulse Width 'USER_IN_NIM[1]'
Slack : 12.000
TNS   : 0.000

Type  : Slow Model Minimum Pulse Width 'GXB_CK'
Slack : 13.325
TNS   : 0.000

Type  : Slow Model Minimum Pulse Width 'PLL_Local_Clk_inst|altpll_component|pll|clk[1]'
Slack : 49.123
TNS   : 0.000

Type  : Slow Model Minimum Pulse Width 'PLL_Local_Clk_inst|altpll_component|pll|clk[2]'
Slack : 415.789
TNS   : 0.000

Type  : Fast Model Setup 'PLL_Global_Clk_inst|altpll_component|pll|clk[0]'
Slack : -17.698
TNS   : -35.988

Type  : Fast Model Setup 'Ck_40MHz_virt'
Slack : -13.611
TNS   : -32.721

Type  : Fast Model Setup 'Ck_100MHz_virt'
Slack : -4.436
TNS   : -4.436

Type  : Fast Model Setup 'ADC_LCLK2'
Slack : -1.548
TNS   : -59.689

Type  : Fast Model Setup 'ADC_LCLK1'
Slack : -1.438
TNS   : -60.571

Type  : Fast Model Setup 'PLL_Local_Clk_inst|altpll_component|pll|clk[0]'
Slack : -1.369
TNS   : -86.628

Type  : Fast Model Setup 'ADC_FRAME_CK1'
Slack : -0.406
TNS   : -0.406

Type  : Fast Model Setup 'ADC_FRAME_CK2'
Slack : -0.306
TNS   : -0.306

Type  : Fast Model Setup 'AuroraInterface|aurora_8b10b_arria_gxb_inst|aurora_8b10b_v5_3_inst|gtx_wrapper_i|gxb_transceiver_inst|alt2gxb_component|channel_tx[0].transmit|clkout'
Slack : -0.184
TNS   : -1.472

Type  : Fast Model Setup 'n/a'
Slack : 1.497
TNS   : 0.000

Type  : Fast Model Setup 'PLL_Global_Clk_inst|altpll_component|pll|clk[0]~1'
Slack : 4.317
TNS   : 0.000

Type  : Fast Model Setup 'PLL_Local_Clk_inst|altpll_component|pll|clk[1]'
Slack : 7.386
TNS   : 0.000

Type  : Fast Model Setup 'AuroraInterface|aurora_8b10b_arria_gxb_inst|aurora_8b10b_v5_3_inst|gtx_wrapper_i|gxb_transceiver_inst|alt2gxb_component|channel_rec[0].receive|clkout'
Slack : 14.009
TNS   : 0.000

Type  : Fast Model Setup 'Ck_10MHz_virt'
Slack : 19.944
TNS   : 0.000

Type  : Fast Model Setup 'MASTER_CLOCK'
Slack : 23.693
TNS   : 0.000

Type  : Fast Model Setup 'PLL_Local_Clk_inst|altpll_component|pll|clk[2]'
Slack : 831.910
TNS   : 0.000

Type  : Fast Model Hold 'ADC_LCLK2'
Slack : -2.019
TNS   : -52.421

Type  : Fast Model Hold 'ADC_LCLK1'
Slack : -2.012
TNS   : -53.396

Type  : Fast Model Hold 'PLL_Global_Clk_inst|altpll_component|pll|clk[0]'
Slack : -0.680
TNS   : -3.906

Type  : Fast Model Hold 'PLL_Global_Clk_inst|altpll_component|pll|clk[0]~1'
Slack : -0.578
TNS   : -2.141

Type  : Fast Model Hold 'ADC_FRAME_CK1'
Slack : 0.212
TNS   : 0.000

Type  : Fast Model Hold 'ADC_FRAME_CK2'
Slack : 0.212
TNS   : 0.000

Type  : Fast Model Hold 'AuroraInterface|aurora_8b10b_arria_gxb_inst|aurora_8b10b_v5_3_inst|gtx_wrapper_i|gxb_transceiver_inst|alt2gxb_component|channel_tx[0].transmit|clkout'
Slack : 0.212
TNS   : 0.000

Type  : Fast Model Hold 'PLL_Local_Clk_inst|altpll_component|pll|clk[0]'
Slack : 0.212
TNS   : 0.000

Type  : Fast Model Hold 'PLL_Local_Clk_inst|altpll_component|pll|clk[1]'
Slack : 0.212
TNS   : 0.000

Type  : Fast Model Hold 'MASTER_CLOCK'
Slack : 0.215
TNS   : 0.000

Type  : Fast Model Hold 'AuroraInterface|aurora_8b10b_arria_gxb_inst|aurora_8b10b_v5_3_inst|gtx_wrapper_i|gxb_transceiver_inst|alt2gxb_component|channel_rec[0].receive|clkout'
Slack : 0.218
TNS   : 0.000

Type  : Fast Model Hold 'PLL_Local_Clk_inst|altpll_component|pll|clk[2]'
Slack : 0.224
TNS   : 0.000

Type  : Fast Model Hold 'Ck_10MHz_virt'
Slack : 1.044
TNS   : 0.000

Type  : Fast Model Hold 'Ck_100MHz_virt'
Slack : 1.894
TNS   : 0.000

Type  : Fast Model Hold 'Ck_40MHz_virt'
Slack : 2.713
TNS   : 0.000

Type  : Fast Model Hold 'n/a'
Slack : 3.314
TNS   : 0.000

Type  : Fast Model Recovery 'PLL_Local_Clk_inst|altpll_component|pll|clk[2]'
Slack : -1.880
TNS   : -1.880

Type  : Fast Model Recovery 'PLL_Global_Clk_inst|altpll_component|pll|clk[0]'
Slack : -0.174
TNS   : -39.672

Type  : Fast Model Recovery 'AuroraInterface|aurora_8b10b_arria_gxb_inst|aurora_8b10b_v5_3_inst|gtx_wrapper_i|gxb_transceiver_inst|alt2gxb_component|channel_tx[0].transmit|clkout'
Slack : 0.120
TNS   : 0.000

Type  : Fast Model Recovery 'PLL_Local_Clk_inst|altpll_component|pll|clk[0]'
Slack : 0.159
TNS   : 0.000

Type  : Fast Model Recovery 'MASTER_CLOCK'
Slack : 2.899
TNS   : 0.000

Type  : Fast Model Recovery 'ADC_FRAME_CK2'
Slack : 3.071
TNS   : 0.000

Type  : Fast Model Recovery 'ADC_FRAME_CK1'
Slack : 3.091
TNS   : 0.000

Type  : Fast Model Recovery 'PLL_Local_Clk_inst|altpll_component|pll|clk[1]'
Slack : 22.966
TNS   : 0.000

Type  : Fast Model Recovery 'PLL_Global_Clk_inst|altpll_component|pll|clk[0]~1'
Slack : 23.724
TNS   : 0.000

Type  : Fast Model Removal 'ADC_FRAME_CK1'
Slack : 0.475
TNS   : 0.000

Type  : Fast Model Removal 'AuroraInterface|aurora_8b10b_arria_gxb_inst|aurora_8b10b_v5_3_inst|gtx_wrapper_i|gxb_transceiver_inst|alt2gxb_component|channel_tx[0].transmit|clkout'
Slack : 0.475
TNS   : 0.000

Type  : Fast Model Removal 'PLL_Global_Clk_inst|altpll_component|pll|clk[0]'
Slack : 0.475
TNS   : 0.000

Type  : Fast Model Removal 'PLL_Global_Clk_inst|altpll_component|pll|clk[0]~1'
Slack : 0.475
TNS   : 0.000

Type  : Fast Model Removal 'ADC_FRAME_CK2'
Slack : 0.478
TNS   : 0.000

Type  : Fast Model Removal 'PLL_Local_Clk_inst|altpll_component|pll|clk[0]'
Slack : 0.505
TNS   : 0.000

Type  : Fast Model Removal 'PLL_Local_Clk_inst|altpll_component|pll|clk[1]'
Slack : 0.518
TNS   : 0.000

Type  : Fast Model Removal 'PLL_Local_Clk_inst|altpll_component|pll|clk[2]'
Slack : 0.764
TNS   : 0.000

Type  : Fast Model Removal 'MASTER_CLOCK'
Slack : 1.560
TNS   : 0.000

Type  : Fast Model Minimum Pulse Width 'ADC_LCLK1'
Slack : 0.681
TNS   : 0.000

Type  : Fast Model Minimum Pulse Width 'ADC_LCLK2'
Slack : 1.141
TNS   : 0.000

Type  : Fast Model Minimum Pulse Width 'PLL_Local_Clk_inst|altpll_component|pll|clk[0]'
Slack : 3.948
TNS   : 0.000

Type  : Fast Model Minimum Pulse Width 'AuroraInterface|aurora_8b10b_arria_gxb_inst|aurora_8b10b_v5_3_inst|gtx_wrapper_i|gxb_transceiver_inst|alt2gxb_component|channel_rec[0].receive|clkout'
Slack : 6.200
TNS   : 0.000

Type  : Fast Model Minimum Pulse Width 'AuroraInterface|aurora_8b10b_arria_gxb_inst|aurora_8b10b_v5_3_inst|gtx_wrapper_i|gxb_transceiver_inst|alt2gxb_component|channel_tx[0].transmit|clkout'
Slack : 6.200
TNS   : 0.000

Type  : Fast Model Minimum Pulse Width 'PLL_Global_Clk_inst|altpll_component|pll|clk[0]'
Slack : 10.948
TNS   : 0.000

Type  : Fast Model Minimum Pulse Width 'ADC_FRAME_CK1'
Slack : 11.448
TNS   : 0.000

Type  : Fast Model Minimum Pulse Width 'ADC_FRAME_CK2'
Slack : 11.448
TNS   : 0.000

Type  : Fast Model Minimum Pulse Width 'PLL_Global_Clk_inst|altpll_component|pll|clk[0]~1'
Slack : 11.448
TNS   : 0.000

Type  : Fast Model Minimum Pulse Width 'MASTER_CLOCK'
Slack : 11.870
TNS   : 0.000

Type  : Fast Model Minimum Pulse Width 'USER_IN_NIM[1]'
Slack : 12.000
TNS   : 0.000

Type  : Fast Model Minimum Pulse Width 'GXB_CK'
Slack : 14.000
TNS   : 0.000

Type  : Fast Model Minimum Pulse Width 'PLL_Local_Clk_inst|altpll_component|pll|clk[1]'
Slack : 49.370
TNS   : 0.000

Type  : Fast Model Minimum Pulse Width 'PLL_Local_Clk_inst|altpll_component|pll|clk[2]'
Slack : 416.036
TNS   : 0.000

------------------------------------------------------------
