Assembler report for Fpga
Fri Sep 26 14:53:32 2025
Quartus II Version 11.0 Build 208 07/03/2011 Service Pack 1 SJ Web Edition


---------------------
; Table of Contents ;
---------------------
  1. Legal Notice
  2. Assembler Summary
  3. Assembler Settings
  4. Assembler Generated Files
  5. Assembler Device Options: D:/gits/Fpga_4_Fiber/Mpd4/Fpga.sof
  6. Assembler Device Options: D:/gits/Fpga_4_Fiber/Mpd4/Fpga.pof
  7. Assembler Messages



----------------
; Legal Notice ;
----------------
Copyright (C) 1991-2011 Altera Corporation
Your use of Altera Corporation's design tools, logic functions 
and other software and tools, and its AMPP partner logic 
functions, and any output files from any of the foregoing 
(including device programming or simulation files), and any 
associated documentation or information are expressly subject 
to the terms and conditions of the Altera Program License 
Subscription Agreement, Altera MegaCore Function License 
Agreement, or other applicable license agreement, including, 
without limitation, that your use is for the sole purpose of 
programming logic devices manufactured by Altera and sold by 
Altera or its authorized distributors.  Please refer to the 
applicable agreement for further details.



+---------------------------------------------------------------+
; Assembler Summary                                             ;
+-----------------------+---------------------------------------+
; Assembler Status      ; Successful - Fri Sep 26 14:53:32 2025 ;
; Revision Name         ; Fpga                                  ;
; Top-level Entity Name ; Fpga                                  ;
; Family                ; Arria GX                              ;
; Device                ; EP1AGX60DF780C6                       ;
+-----------------------+---------------------------------------+


+--------------------------------------------------------------------------------------------------------+
; Assembler Settings                                                                                     ;
+-----------------------------------------------------------------------------+----------+---------------+
; Option                                                                      ; Setting  ; Default Value ;
+-----------------------------------------------------------------------------+----------+---------------+
; Configuration device                                                        ; Epcs128  ; Auto          ;
; Generate Tabular Text File (.ttf) For Target Device                         ; On       ; Off           ;
; Use smart compilation                                                       ; Off      ; Off           ;
; Enable parallel Assembler and TimeQuest Timing Analyzer during compilation  ; On       ; On            ;
; Enable compact report table                                                 ; Off      ; Off           ;
; Generate compressed bitstreams                                              ; On       ; On            ;
; Compression mode                                                            ; Off      ; Off           ;
; Clock source for configuration device                                       ; Internal ; Internal      ;
; Clock frequency of the configuration device                                 ; 10 MHZ   ; 10 MHz        ;
; Divide clock frequency by                                                   ; 1        ; 1             ;
; Auto user code                                                              ; Off      ; Off           ;
; Use configuration device                                                    ; On       ; On            ;
; Configuration device auto user code                                         ; Off      ; Off           ;
; Generate Raw Binary File (.rbf) For Target Device                           ; Off      ; Off           ;
; Generate Hexadecimal (Intel-Format) Output File (.hexout) for Target Device ; Off      ; Off           ;
; Hexadecimal Output File start address                                       ; 0        ; 0             ;
; Hexadecimal Output File count direction                                     ; Up       ; Up            ;
; Release clears before tri-states                                            ; Off      ; Off           ;
; Auto-restart configuration after error                                      ; On       ; On            ;
; Generate Serial Vector Format File (.svf) for Target Device                 ; Off      ; Off           ;
; Generate a JEDEC STAPL Format File (.jam) for Target Device                 ; Off      ; Off           ;
; Generate a compressed Jam STAPL Byte Code 2.0 File (.jbc) for Target Device ; Off      ; Off           ;
; Generate a compressed Jam STAPL Byte Code 2.0 File (.jbc) for Target Device ; On       ; On            ;
+-----------------------------------------------------------------------------+----------+---------------+


+------------------------------------+
; Assembler Generated Files          ;
+------------------------------------+
; File Name                          ;
+------------------------------------+
; D:/gits/Fpga_4_Fiber/Mpd4/Fpga.sof ;
; D:/gits/Fpga_4_Fiber/Mpd4/Fpga.pof ;
; D:/gits/Fpga_4_Fiber/Mpd4/Fpga.ttf ;
+------------------------------------+


+--------------------------------------------------------------+
; Assembler Device Options: D:/gits/Fpga_4_Fiber/Mpd4/Fpga.sof ;
+----------------+---------------------------------------------+
; Option         ; Setting                                     ;
+----------------+---------------------------------------------+
; Device         ; EP1AGX60DF780C6                             ;
; JTAG usercode  ; 0xFFFFFFFF                                  ;
; Checksum       ; 0x02D25D37                                  ;
+----------------+---------------------------------------------+


+--------------------------------------------------------------+
; Assembler Device Options: D:/gits/Fpga_4_Fiber/Mpd4/Fpga.pof ;
+--------------------+-----------------------------------------+
; Option             ; Setting                                 ;
+--------------------+-----------------------------------------+
; Device             ; EPCS128                                 ;
; JTAG usercode      ; 0x00000000                              ;
; Checksum           ; 0xF2F313F6                              ;
; Compression Ratio  ; 1                                       ;
+--------------------+-----------------------------------------+


+--------------------+
; Assembler Messages ;
+--------------------+
Info: *******************************************************************
Info: Running Quartus II Assembler
    Info: Version 11.0 Build 208 07/03/2011 Service Pack 1 SJ Web Edition
    Info: Processing started: Fri Sep 26 14:53:25 2025
Info: Command: quartus_asm --read_settings_files=off --write_settings_files=off Fpga -c Fpga
Info: Writing out detailed assembly data for power analysis
Info: Assembler is generating device programming files
Info: Quartus II Assembler was successful. 0 errors, 0 warnings
    Info: Peak virtual memory: 526 megabytes
    Info: Processing ended: Fri Sep 26 14:53:32 2025
    Info: Elapsed time: 00:00:07
    Info: Total CPU time (on all processors): 00:00:07


