------------------------------------------------------------
TimeQuest Timing Analyzer Summary
------------------------------------------------------------

Type  : Slow Model Setup 'ADC_LCLK1'
Slack : -40.936
TNS   : -804.076

Type  : Slow Model Setup 'ADC_FRAME_CK2'
Slack : -29.335
TNS   : -7356.835

Type  : Slow Model Setup 'ClockGenerator|altpll_component|pll|clk[0]'
Slack : -22.427
TNS   : -702.599

Type  : Slow Model Setup 'Ck_100MHz_virt'
Slack : -20.092
TNS   : -1321.126

Type  : Slow Model Setup 'Ck_40MHz_virt'
Slack : -18.640
TNS   : -44.487

Type  : Slow Model Setup 'ADC_FRAME_CK1'
Slack : -8.882
TNS   : -5666.043

Type  : Slow Model Setup 'Ddr2SdramIf_inst|Ddr2SdramIf_controller_phy_inst|Ddr2SdramIf_phy_inst|Ddr2SdramIf_phy_alt_mem_phy_inst|clk|pll|altpll_component|pll|clk[0]'
Slack : -8.141
TNS   : -1493.122

Type  : Slow Model Setup 'Ck_10MHz_virt'
Slack : -7.756
TNS   : -30.176

Type  : Slow Model Setup 'ClockGenerator|altpll_component|pll|clk[0]~1'
Slack : -6.954
TNS   : -894.846

Type  : Slow Model Setup 'ClockGenerator|altpll_component|pll|clk[1]'
Slack : -6.765
TNS   : -902.167

Type  : Slow Model Setup 'ADC_LCLK2'
Slack : -6.157
TNS   : -190.861

Type  : Slow Model Setup 'ClockGenerator|altpll_component|pll|clk[1]~1'
Slack : -5.774
TNS   : -1041.304

Type  : Slow Model Setup 'CLK_IN_P0'
Slack : -4.930
TNS   : -149.755

Type  : Slow Model Setup 'AuroraInterface|aurora_8b10b_arria_gxb_inst|aurora_8b10b_v5_3_inst|gtx_wrapper_i|gxb_transceiver_inst|alt2gxb_component|channel_tx[0].transmit|clkout'
Slack : -4.373
TNS   : -105.940

Type  : Slow Model Setup 'n/a'
Slack : -1.174
TNS   : -1.174

Type  : Slow Model Setup 'Ddr2SdramIf_inst|Ddr2SdramIf_controller_phy_inst|Ddr2SdramIf_phy_inst|Ddr2SdramIf_phy_ddr_dqsout_SDRAM_DQS'
Slack : 0.089
TNS   : 0.000

Type  : Slow Model Setup 'Ddr2SdramIf_inst|Ddr2SdramIf_controller_phy_inst|Ddr2SdramIf_phy_inst|Ddr2SdramIf_phy_ddr_dqsin_SDRAM_DQS'
Slack : 0.315
TNS   : 0.000

Type  : Slow Model Setup 'Ddr2SdramIf_inst|Ddr2SdramIf_controller_phy_inst|Ddr2SdramIf_phy_inst|Ddr2SdramIf_phy_ddr_mimic'
Slack : 0.807
TNS   : 0.000

Type  : Slow Model Setup 'Ddr2SdramIf_inst|Ddr2SdramIf_controller_phy_inst|Ddr2SdramIf_phy_inst|Ddr2SdramIf_phy_ck_n_SDRAM_CKb_tDQSS'
Slack : 1.211
TNS   : 0.000

Type  : Slow Model Setup 'Ddr2SdramIf_inst|Ddr2SdramIf_controller_phy_inst|Ddr2SdramIf_phy_inst|Ddr2SdramIf_phy_ck_p_SDRAM_CK_tDQSS'
Slack : 1.222
TNS   : 0.000

Type  : Slow Model Setup 'Ddr2SdramIf_inst|Ddr2SdramIf_controller_phy_inst|Ddr2SdramIf_phy_inst|Ddr2SdramIf_phy_ck_n_SDRAM_CKb_tDSS'
Slack : 1.294
TNS   : 0.000

Type  : Slow Model Setup 'Ddr2SdramIf_inst|Ddr2SdramIf_controller_phy_inst|Ddr2SdramIf_phy_inst|Ddr2SdramIf_phy_ck_p_SDRAM_CK_tDSS'
Slack : 1.305
TNS   : 0.000

Type  : Slow Model Setup 'Ddr2SdramIf_inst|Ddr2SdramIf_controller_phy_inst|Ddr2SdramIf_phy_inst|Ddr2SdramIf_phy_alt_mem_phy_inst|clk|pll|altpll_component|pll|clk[2]'
Slack : 1.800
TNS   : 0.000

Type  : Slow Model Setup 'Ddr2SdramIf_inst|Ddr2SdramIf_controller_phy_inst|Ddr2SdramIf_phy_inst|Ddr2SdramIf_phy_alt_mem_phy_inst|clk|pll|altpll_component|pll|clk[1]'
Slack : 1.863
TNS   : 0.000

Type  : Slow Model Setup 'Ddr2SdramIf_inst|Ddr2SdramIf_controller_phy_inst|Ddr2SdramIf_phy_inst|Ddr2SdramIf_phy_alt_mem_phy_inst|clk|pll|altpll_component|pll|clk[4]'
Slack : 1.917
TNS   : 0.000

Type  : Slow Model Setup 'Ddr2SdramIf_inst|Ddr2SdramIf_controller_phy_inst|Ddr2SdramIf_phy_inst|Ddr2SdramIf_phy_ck_n_SDRAM_CKb_ac_fall'
Slack : 2.227
TNS   : 0.000

Type  : Slow Model Setup 'Ddr2SdramIf_inst|Ddr2SdramIf_controller_phy_inst|Ddr2SdramIf_phy_inst|Ddr2SdramIf_phy_ck_p_SDRAM_CK_ac_fall'
Slack : 2.238
TNS   : 0.000

Type  : Slow Model Setup 'AuroraInterface|aurora_8b10b_arria_gxb_inst|aurora_8b10b_v5_3_inst|gtx_wrapper_i|gxb_transceiver_inst|alt2gxb_component|channel_rec[0].receive|clkout'
Slack : 3.171
TNS   : 0.000

Type  : Slow Model Setup 'Ddr2SdramIf_inst|Ddr2SdramIf_controller_phy_inst|Ddr2SdramIf_phy_inst|Ddr2SdramIf_phy_ddr_postamble'
Slack : 4.237
TNS   : 0.000

Type  : Slow Model Setup 'Ddr2SdramIf_inst|Ddr2SdramIf_controller_phy_inst|Ddr2SdramIf_phy_inst|Ddr2SdramIf_phy_alt_mem_phy_inst|clk|scan_clk|regout_clock'
Slack : 10.989
TNS   : 0.000

Type  : Slow Model Setup 'MASTER_CLOCK'
Slack : 23.857
TNS   : 0.000

Type  : Slow Model Setup 'Ddr2SdramIf_inst|Ddr2SdramIf_controller_phy_inst|Ddr2SdramIf_phy_inst|Ddr2SdramIf_phy_ddr_resync'
Slack : 102.203
TNS   : 0.000

Type  : Slow Model Hold 'Ddr2SdramIf_inst|Ddr2SdramIf_controller_phy_inst|Ddr2SdramIf_phy_inst|Ddr2SdramIf_phy_alt_mem_phy_inst|clk|pll|altpll_component|pll|clk[0]'
Slack : -2.676
TNS   : -300.804

Type  : Slow Model Hold 'ADC_LCLK1'
Slack : -1.295
TNS   : -14.838

Type  : Slow Model Hold 'ADC_LCLK2'
Slack : -0.754
TNS   : -10.424

Type  : Slow Model Hold 'ClockGenerator|altpll_component|pll|clk[0]'
Slack : -0.412
TNS   : -22.504

Type  : Slow Model Hold 'ClockGenerator|altpll_component|pll|clk[1]'
Slack : -0.171
TNS   : -2.988

Type  : Slow Model Hold 'ClockGenerator|altpll_component|pll|clk[0]~1'
Slack : 0.119
TNS   : 0.000

Type  : Slow Model Hold 'ADC_FRAME_CK2'
Slack : 0.471
TNS   : 0.000

Type  : Slow Model Hold 'Ddr2SdramIf_inst|Ddr2SdramIf_controller_phy_inst|Ddr2SdramIf_phy_inst|Ddr2SdramIf_phy_alt_mem_phy_inst|clk|scan_clk|regout_clock'
Slack : 0.480
TNS   : 0.000

Type  : Slow Model Hold 'ADC_FRAME_CK1'
Slack : 0.490
TNS   : 0.000

Type  : Slow Model Hold 'AuroraInterface|aurora_8b10b_arria_gxb_inst|aurora_8b10b_v5_3_inst|gtx_wrapper_i|gxb_transceiver_inst|alt2gxb_component|channel_rec[0].receive|clkout'
Slack : 0.490
TNS   : 0.000

Type  : Slow Model Hold 'AuroraInterface|aurora_8b10b_arria_gxb_inst|aurora_8b10b_v5_3_inst|gtx_wrapper_i|gxb_transceiver_inst|alt2gxb_component|channel_tx[0].transmit|clkout'
Slack : 0.490
TNS   : 0.000

Type  : Slow Model Hold 'ClockGenerator|altpll_component|pll|clk[1]~1'
Slack : 0.490
TNS   : 0.000

Type  : Slow Model Hold 'Ddr2SdramIf_inst|Ddr2SdramIf_controller_phy_inst|Ddr2SdramIf_phy_inst|Ddr2SdramIf_phy_alt_mem_phy_inst|clk|pll|altpll_component|pll|clk[1]'
Slack : 0.490
TNS   : 0.000

Type  : Slow Model Hold 'Ddr2SdramIf_inst|Ddr2SdramIf_controller_phy_inst|Ddr2SdramIf_phy_inst|Ddr2SdramIf_phy_alt_mem_phy_inst|clk|pll|altpll_component|pll|clk[4]'
Slack : 0.490
TNS   : 0.000

Type  : Slow Model Hold 'Ddr2SdramIf_inst|Ddr2SdramIf_controller_phy_inst|Ddr2SdramIf_phy_inst|Ddr2SdramIf_phy_alt_mem_phy_inst|clk|pll|altpll_component|pll|clk[2]'
Slack : 0.509
TNS   : 0.000

Type  : Slow Model Hold 'MASTER_CLOCK'
Slack : 0.515
TNS   : 0.000

Type  : Slow Model Hold 'Ddr2SdramIf_inst|Ddr2SdramIf_controller_phy_inst|Ddr2SdramIf_phy_inst|Ddr2SdramIf_phy_ddr_postamble'
Slack : 0.522
TNS   : 0.000

Type  : Slow Model Hold 'CLK_IN_P0'
Slack : 0.796
TNS   : 0.000

Type  : Slow Model Hold 'Ddr2SdramIf_inst|Ddr2SdramIf_controller_phy_inst|Ddr2SdramIf_phy_inst|Ddr2SdramIf_phy_ddr_dqsin_SDRAM_DQS'
Slack : 0.878
TNS   : 0.000

Type  : Slow Model Hold 'Ddr2SdramIf_inst|Ddr2SdramIf_controller_phy_inst|Ddr2SdramIf_phy_inst|Ddr2SdramIf_phy_ddr_mimic'
Slack : 1.049
TNS   : 0.000

Type  : Slow Model Hold 'Ddr2SdramIf_inst|Ddr2SdramIf_controller_phy_inst|Ddr2SdramIf_phy_inst|Ddr2SdramIf_phy_ddr_dqsout_SDRAM_DQS'
Slack : 1.137
TNS   : 0.000

Type  : Slow Model Hold 'Ddr2SdramIf_inst|Ddr2SdramIf_controller_phy_inst|Ddr2SdramIf_phy_inst|Ddr2SdramIf_phy_ck_p_SDRAM_CK_tDQSS'
Slack : 1.210
TNS   : 0.000

Type  : Slow Model Hold 'Ddr2SdramIf_inst|Ddr2SdramIf_controller_phy_inst|Ddr2SdramIf_phy_inst|Ddr2SdramIf_phy_ck_n_SDRAM_CKb_tDQSS'
Slack : 1.221
TNS   : 0.000

Type  : Slow Model Hold 'Ddr2SdramIf_inst|Ddr2SdramIf_controller_phy_inst|Ddr2SdramIf_phy_inst|Ddr2SdramIf_phy_ck_p_SDRAM_CK_tDSS'
Slack : 1.292
TNS   : 0.000

Type  : Slow Model Hold 'Ddr2SdramIf_inst|Ddr2SdramIf_controller_phy_inst|Ddr2SdramIf_phy_inst|Ddr2SdramIf_phy_ck_n_SDRAM_CKb_tDSS'
Slack : 1.303
TNS   : 0.000

Type  : Slow Model Hold 'Ddr2SdramIf_inst|Ddr2SdramIf_controller_phy_inst|Ddr2SdramIf_phy_inst|Ddr2SdramIf_phy_ck_p_SDRAM_CK_ac_fall'
Slack : 1.639
TNS   : 0.000

Type  : Slow Model Hold 'Ddr2SdramIf_inst|Ddr2SdramIf_controller_phy_inst|Ddr2SdramIf_phy_inst|Ddr2SdramIf_phy_ck_n_SDRAM_CKb_ac_fall'
Slack : 1.650
TNS   : 0.000

Type  : Slow Model Hold 'n/a'
Slack : 3.955
TNS   : 0.000

Type  : Slow Model Hold 'Ck_100MHz_virt'
Slack : 4.007
TNS   : 0.000

Type  : Slow Model Hold 'Ck_40MHz_virt'
Slack : 4.164
TNS   : 0.000

Type  : Slow Model Hold 'Ck_10MHz_virt'
Slack : 4.448
TNS   : 0.000

Type  : Slow Model Hold 'Ddr2SdramIf_inst|Ddr2SdramIf_controller_phy_inst|Ddr2SdramIf_phy_inst|Ddr2SdramIf_phy_ddr_resync'
Slack : 102.372
TNS   : 0.000

Type  : Slow Model Recovery 'ADC_FRAME_CK2'
Slack : -5.977
TNS   : -2674.268

Type  : Slow Model Recovery 'ClockGenerator|altpll_component|pll|clk[0]'
Slack : -5.913
TNS   : -919.873

Type  : Slow Model Recovery 'ADC_FRAME_CK1'
Slack : -5.837
TNS   : -2961.708

Type  : Slow Model Recovery 'ClockGenerator|altpll_component|pll|clk[1]'
Slack : -4.966
TNS   : -787.068

Type  : Slow Model Recovery 'ClockGenerator|altpll_component|pll|clk[1]~1'
Slack : -3.476
TNS   : -366.358

Type  : Slow Model Recovery 'AuroraInterface|aurora_8b10b_arria_gxb_inst|aurora_8b10b_v5_3_inst|gtx_wrapper_i|gxb_transceiver_inst|alt2gxb_component|channel_tx[0].transmit|clkout'
Slack : -3.379
TNS   : -40.548

Type  : Slow Model Recovery 'Ddr2SdramIf_inst|Ddr2SdramIf_controller_phy_inst|Ddr2SdramIf_phy_inst|Ddr2SdramIf_phy_alt_mem_phy_inst|clk|pll|altpll_component|pll|clk[0]'
Slack : -0.740
TNS   : -18.650

Type  : Slow Model Recovery 'Ddr2SdramIf_inst|Ddr2SdramIf_controller_phy_inst|Ddr2SdramIf_phy_inst|Ddr2SdramIf_phy_alt_mem_phy_inst|clk|pll|altpll_component|pll|clk[2]'
Slack : 2.255
TNS   : 0.000

Type  : Slow Model Recovery 'Ddr2SdramIf_inst|Ddr2SdramIf_controller_phy_inst|Ddr2SdramIf_phy_inst|Ddr2SdramIf_phy_alt_mem_phy_inst|clk|pll|altpll_component|pll|clk[4]'
Slack : 3.055
TNS   : 0.000

Type  : Slow Model Recovery 'Ddr2SdramIf_inst|Ddr2SdramIf_controller_phy_inst|Ddr2SdramIf_phy_inst|Ddr2SdramIf_phy_ddr_postamble'
Slack : 3.055
TNS   : 0.000

Type  : Slow Model Recovery 'Ddr2SdramIf_inst|Ddr2SdramIf_controller_phy_inst|Ddr2SdramIf_phy_inst|Ddr2SdramIf_phy_alt_mem_phy_inst|clk|pll|altpll_component|pll|clk[1]'
Slack : 3.708
TNS   : 0.000

Type  : Slow Model Recovery 'Ddr2SdramIf_inst|Ddr2SdramIf_controller_phy_inst|Ddr2SdramIf_phy_inst|Ddr2SdramIf_phy_alt_mem_phy_inst|clk|scan_clk|regout_clock'
Slack : 17.826
TNS   : 0.000

Type  : Slow Model Recovery 'ClockGenerator|altpll_component|pll|clk[0]~1'
Slack : 18.456
TNS   : 0.000

Type  : Slow Model Recovery 'Ddr2SdramIf_inst|Ddr2SdramIf_controller_phy_inst|Ddr2SdramIf_phy_inst|Ddr2SdramIf_phy_ddr_dqsin_SDRAM_DQS'
Slack : 101.981
TNS   : 0.000

Type  : Slow Model Removal 'ClockGenerator|altpll_component|pll|clk[0]'
Slack : -0.297
TNS   : -11.880

Type  : Slow Model Removal 'Ddr2SdramIf_inst|Ddr2SdramIf_controller_phy_inst|Ddr2SdramIf_phy_inst|Ddr2SdramIf_phy_alt_mem_phy_inst|clk|pll|altpll_component|pll|clk[0]'
Slack : 0.010
TNS   : 0.000

Type  : Slow Model Removal 'ClockGenerator|altpll_component|pll|clk[0]~1'
Slack : 0.234
TNS   : 0.000

Type  : Slow Model Removal 'Ddr2SdramIf_inst|Ddr2SdramIf_controller_phy_inst|Ddr2SdramIf_phy_inst|Ddr2SdramIf_phy_alt_mem_phy_inst|clk|pll|altpll_component|pll|clk[4]'
Slack : 1.047
TNS   : 0.000

Type  : Slow Model Removal 'Ddr2SdramIf_inst|Ddr2SdramIf_controller_phy_inst|Ddr2SdramIf_phy_inst|Ddr2SdramIf_phy_alt_mem_phy_inst|clk|pll|altpll_component|pll|clk[1]'
Slack : 1.051
TNS   : 0.000

Type  : Slow Model Removal 'ClockGenerator|altpll_component|pll|clk[1]'
Slack : 1.053
TNS   : 0.000

Type  : Slow Model Removal 'AuroraInterface|aurora_8b10b_arria_gxb_inst|aurora_8b10b_v5_3_inst|gtx_wrapper_i|gxb_transceiver_inst|alt2gxb_component|channel_tx[0].transmit|clkout'
Slack : 1.062
TNS   : 0.000

Type  : Slow Model Removal 'Ddr2SdramIf_inst|Ddr2SdramIf_controller_phy_inst|Ddr2SdramIf_phy_inst|Ddr2SdramIf_phy_alt_mem_phy_inst|clk|scan_clk|regout_clock'
Slack : 1.079
TNS   : 0.000

Type  : Slow Model Removal 'ClockGenerator|altpll_component|pll|clk[1]~1'
Slack : 1.514
TNS   : 0.000

Type  : Slow Model Removal 'Ddr2SdramIf_inst|Ddr2SdramIf_controller_phy_inst|Ddr2SdramIf_phy_inst|Ddr2SdramIf_phy_ddr_postamble'
Slack : 1.704
TNS   : 0.000

Type  : Slow Model Removal 'Ddr2SdramIf_inst|Ddr2SdramIf_controller_phy_inst|Ddr2SdramIf_phy_inst|Ddr2SdramIf_phy_alt_mem_phy_inst|clk|pll|altpll_component|pll|clk[2]'
Slack : 2.177
TNS   : 0.000

Type  : Slow Model Removal 'ADC_FRAME_CK1'
Slack : 3.431
TNS   : 0.000

Type  : Slow Model Removal 'ADC_FRAME_CK2'
Slack : 3.549
TNS   : 0.000

Type  : Slow Model Removal 'Ddr2SdramIf_inst|Ddr2SdramIf_controller_phy_inst|Ddr2SdramIf_phy_inst|Ddr2SdramIf_phy_ddr_dqsin_SDRAM_DQS'
Slack : 102.755
TNS   : 0.000

Type  : Slow Model Minimum Pulse Width 'ADC_LCLK1'
Slack : 0.082
TNS   : 0.000

Type  : Slow Model Minimum Pulse Width 'ADC_LCLK2'
Slack : 0.082
TNS   : 0.000

Type  : Slow Model Minimum Pulse Width 'Ddr2SdramIf_inst|Ddr2SdramIf_controller_phy_inst|Ddr2SdramIf_phy_inst|Ddr2SdramIf_phy_SDRAM_CK_mimic_launch_clock'
Slack : 0.897
TNS   : 0.000

Type  : Slow Model Minimum Pulse Width 'Ddr2SdramIf_inst|Ddr2SdramIf_controller_phy_inst|Ddr2SdramIf_phy_inst|Ddr2SdramIf_phy_alt_mem_phy_inst|clk|pll|altpll_component|pll|clk[1]'
Slack : 0.897
TNS   : 0.000

Type  : Slow Model Minimum Pulse Width 'Ddr2SdramIf_inst|Ddr2SdramIf_controller_phy_inst|Ddr2SdramIf_phy_inst|Ddr2SdramIf_phy_ck_n_SDRAM_CKb_ac_fall'
Slack : 0.897
TNS   : 0.000

Type  : Slow Model Minimum Pulse Width 'Ddr2SdramIf_inst|Ddr2SdramIf_controller_phy_inst|Ddr2SdramIf_phy_inst|Ddr2SdramIf_phy_ck_n_SDRAM_CKb_ac_rise'
Slack : 0.897
TNS   : 0.000

Type  : Slow Model Minimum Pulse Width 'Ddr2SdramIf_inst|Ddr2SdramIf_controller_phy_inst|Ddr2SdramIf_phy_inst|Ddr2SdramIf_phy_ck_n_SDRAM_CKb_tDQSS'
Slack : 0.897
TNS   : 0.000

Type  : Slow Model Minimum Pulse Width 'Ddr2SdramIf_inst|Ddr2SdramIf_controller_phy_inst|Ddr2SdramIf_phy_inst|Ddr2SdramIf_phy_ck_n_SDRAM_CKb_tDSS'
Slack : 0.897
TNS   : 0.000

Type  : Slow Model Minimum Pulse Width 'Ddr2SdramIf_inst|Ddr2SdramIf_controller_phy_inst|Ddr2SdramIf_phy_inst|Ddr2SdramIf_phy_ck_p_SDRAM_CK_ac_fall'
Slack : 0.897
TNS   : 0.000

Type  : Slow Model Minimum Pulse Width 'Ddr2SdramIf_inst|Ddr2SdramIf_controller_phy_inst|Ddr2SdramIf_phy_inst|Ddr2SdramIf_phy_ck_p_SDRAM_CK_ac_rise'
Slack : 0.897
TNS   : 0.000

Type  : Slow Model Minimum Pulse Width 'Ddr2SdramIf_inst|Ddr2SdramIf_controller_phy_inst|Ddr2SdramIf_phy_inst|Ddr2SdramIf_phy_ck_p_SDRAM_CK_tDQSS'
Slack : 0.897
TNS   : 0.000

Type  : Slow Model Minimum Pulse Width 'Ddr2SdramIf_inst|Ddr2SdramIf_controller_phy_inst|Ddr2SdramIf_phy_inst|Ddr2SdramIf_phy_ck_p_SDRAM_CK_tDSS'
Slack : 0.897
TNS   : 0.000

Type  : Slow Model Minimum Pulse Width 'Ddr2SdramIf_inst|Ddr2SdramIf_controller_phy_inst|Ddr2SdramIf_phy_inst|Ddr2SdramIf_phy_alt_mem_phy_inst|clk|pll|altpll_component|pll|clk[4]'
Slack : 1.195
TNS   : 0.000

Type  : Slow Model Minimum Pulse Width 'Ddr2SdramIf_inst|Ddr2SdramIf_controller_phy_inst|Ddr2SdramIf_phy_inst|Ddr2SdramIf_phy_ddr_dqsin_SDRAM_DQS'
Slack : 1.726
TNS   : 0.000

Type  : Slow Model Minimum Pulse Width 'Ddr2SdramIf_inst|Ddr2SdramIf_controller_phy_inst|Ddr2SdramIf_phy_inst|Ddr2SdramIf_phy_ddr_dqsout_SDRAM_DQS'
Slack : 1.726
TNS   : 0.000

Type  : Slow Model Minimum Pulse Width 'AuroraInterface|aurora_8b10b_arria_gxb_inst|aurora_8b10b_v5_3_inst|gtx_wrapper_i|gxb_transceiver_inst|alt2gxb_component|channel_rec[0].receive|clkout'
Slack : 1.750
TNS   : 0.000

Type  : Slow Model Minimum Pulse Width 'AuroraInterface|aurora_8b10b_arria_gxb_inst|aurora_8b10b_v5_3_inst|gtx_wrapper_i|gxb_transceiver_inst|alt2gxb_component|channel_tx[0].transmit|clkout'
Slack : 1.750
TNS   : 0.000

Type  : Slow Model Minimum Pulse Width 'Ddr2SdramIf_inst|Ddr2SdramIf_controller_phy_inst|Ddr2SdramIf_phy_inst|Ddr2SdramIf_phy_alt_mem_phy_inst|clk|pll|altpll_component|pll|clk[2]'
Slack : 1.754
TNS   : 0.000

Type  : Slow Model Minimum Pulse Width 'Ddr2SdramIf_inst|Ddr2SdramIf_controller_phy_inst|Ddr2SdramIf_phy_inst|Ddr2SdramIf_phy_alt_mem_phy_inst|clk|pll|altpll_component|pll|clk[5]'
Slack : 1.754
TNS   : 0.000

Type  : Slow Model Minimum Pulse Width 'Ddr2SdramIf_inst|Ddr2SdramIf_controller_phy_inst|Ddr2SdramIf_phy_inst|Ddr2SdramIf_phy_ddr_mimic'
Slack : 1.754
TNS   : 0.000

Type  : Slow Model Minimum Pulse Width 'Ddr2SdramIf_inst|Ddr2SdramIf_controller_phy_inst|Ddr2SdramIf_phy_inst|Ddr2SdramIf_phy_ddr_postamble'
Slack : 1.754
TNS   : 0.000

Type  : Slow Model Minimum Pulse Width 'Ddr2SdramIf_inst|Ddr2SdramIf_controller_phy_inst|Ddr2SdramIf_phy_inst|Ddr2SdramIf_phy_ddr_resync'
Slack : 1.754
TNS   : 0.000

Type  : Slow Model Minimum Pulse Width 'Ddr2SdramIf_inst|Ddr2SdramIf_controller_phy_inst|Ddr2SdramIf_phy_inst|Ddr2SdramIf_phy_alt_mem_phy_inst|clk|pll|altpll_component|pll|clk[0]'
Slack : 3.551
TNS   : 0.000

Type  : Slow Model Minimum Pulse Width 'ADC_FRAME_CK1'
Slack : 4.740
TNS   : 0.000

Type  : Slow Model Minimum Pulse Width 'ADC_FRAME_CK2'
Slack : 4.740
TNS   : 0.000

Type  : Slow Model Minimum Pulse Width 'Ddr2SdramIf_inst|Ddr2SdramIf_controller_phy_inst|Ddr2SdramIf_phy_inst|Ddr2SdramIf_phy_alt_mem_phy_inst|clk|scan_clk|regout_clock'
Slack : 5.526
TNS   : 0.000

Type  : Slow Model Minimum Pulse Width 'CLK_IN_P0'
Slack : 7.123
TNS   : 0.000

Type  : Slow Model Minimum Pulse Width 'ClockGenerator|altpll_component|pll|clk[0]'
Slack : 11.273
TNS   : 0.000

Type  : Slow Model Minimum Pulse Width 'ClockGenerator|altpll_component|pll|clk[0]~1'
Slack : 11.623
TNS   : 0.000

Type  : Slow Model Minimum Pulse Width 'MASTER_CLOCK'
Slack : 11.623
TNS   : 0.000

Type  : Slow Model Minimum Pulse Width 'Ck40Mux_Inst|CK40_MUX_altclkctrl_hfe_component|clkctrl1|outclk'
Slack : 12.150
TNS   : 0.000

Type  : Slow Model Minimum Pulse Width 'MASTER_CLOCK2'
Slack : 12.150
TNS   : 0.000

Type  : Slow Model Minimum Pulse Width 'P0Clk_Pll_Inst|altpll_component|pll|clk[0]'
Slack : 12.480
TNS   : 0.000

Type  : Slow Model Minimum Pulse Width 'GXB_CK'
Slack : 13.325
TNS   : 0.000

Type  : Slow Model Minimum Pulse Width 'ClockGenerator|altpll_component|pll|clk[1]'
Slack : 47.723
TNS   : 0.000

Type  : Slow Model Minimum Pulse Width 'ClockGenerator|altpll_component|pll|clk[1]~1'
Slack : 49.123
TNS   : 0.000

Type  : Fast Model Setup 'ADC_LCLK1'
Slack : -28.637
TNS   : -542.669

Type  : Fast Model Setup 'ClockGenerator|altpll_component|pll|clk[0]'
Slack : -20.960
TNS   : -320.931

Type  : Fast Model Setup 'Ck_40MHz_virt'
Slack : -13.732
TNS   : -32.489

Type  : Fast Model Setup 'Ck_100MHz_virt'
Slack : -10.048
TNS   : -685.487

Type  : Fast Model Setup 'Ddr2SdramIf_inst|Ddr2SdramIf_controller_phy_inst|Ddr2SdramIf_phy_inst|Ddr2SdramIf_phy_alt_mem_phy_inst|clk|pll|altpll_component|pll|clk[0]'
Slack : -8.568
TNS   : -1035.702

Type  : Fast Model Setup 'ADC_FRAME_CK2'
Slack : -5.107
TNS   : -1485.078

Type  : Fast Model Setup 'ADC_FRAME_CK1'
Slack : -4.243
TNS   : -1193.623

Type  : Fast Model Setup 'Ck_10MHz_virt'
Slack : -3.358
TNS   : -12.483

Type  : Fast Model Setup 'ClockGenerator|altpll_component|pll|clk[1]'
Slack : -2.790
TNS   : -346.908

Type  : Fast Model Setup 'ClockGenerator|altpll_component|pll|clk[0]~1'
Slack : -2.632
TNS   : -343.143

Type  : Fast Model Setup 'ADC_LCLK2'
Slack : -2.539
TNS   : -91.052

Type  : Fast Model Setup 'CLK_IN_P0'
Slack : -2.228
TNS   : -66.164

Type  : Fast Model Setup 'ClockGenerator|altpll_component|pll|clk[1]~1'
Slack : -2.101
TNS   : -351.020

Type  : Fast Model Setup 'AuroraInterface|aurora_8b10b_arria_gxb_inst|aurora_8b10b_v5_3_inst|gtx_wrapper_i|gxb_transceiver_inst|alt2gxb_component|channel_tx[0].transmit|clkout'
Slack : -1.925
TNS   : -46.769

Type  : Fast Model Setup 'Ddr2SdramIf_inst|Ddr2SdramIf_controller_phy_inst|Ddr2SdramIf_phy_inst|Ddr2SdramIf_phy_ddr_dqsin_SDRAM_DQS'
Slack : 0.478
TNS   : 0.000

Type  : Fast Model Setup 'Ddr2SdramIf_inst|Ddr2SdramIf_controller_phy_inst|Ddr2SdramIf_phy_inst|Ddr2SdramIf_phy_ddr_dqsout_SDRAM_DQS'
Slack : 0.605
TNS   : 0.000

Type  : Fast Model Setup 'Ddr2SdramIf_inst|Ddr2SdramIf_controller_phy_inst|Ddr2SdramIf_phy_inst|Ddr2SdramIf_phy_ck_n_SDRAM_CKb_tDQSS'
Slack : 1.191
TNS   : 0.000

Type  : Fast Model Setup 'Ddr2SdramIf_inst|Ddr2SdramIf_controller_phy_inst|Ddr2SdramIf_phy_inst|Ddr2SdramIf_phy_ck_p_SDRAM_CK_tDQSS'
Slack : 1.198
TNS   : 0.000

Type  : Fast Model Setup 'Ddr2SdramIf_inst|Ddr2SdramIf_controller_phy_inst|Ddr2SdramIf_phy_inst|Ddr2SdramIf_phy_ck_n_SDRAM_CKb_tDSS'
Slack : 1.274
TNS   : 0.000

Type  : Fast Model Setup 'Ddr2SdramIf_inst|Ddr2SdramIf_controller_phy_inst|Ddr2SdramIf_phy_inst|Ddr2SdramIf_phy_ck_p_SDRAM_CK_tDSS'
Slack : 1.281
TNS   : 0.000

Type  : Fast Model Setup 'Ddr2SdramIf_inst|Ddr2SdramIf_controller_phy_inst|Ddr2SdramIf_phy_inst|Ddr2SdramIf_phy_ddr_mimic'
Slack : 1.603
TNS   : 0.000

Type  : Fast Model Setup 'n/a'
Slack : 2.324
TNS   : 0.000

Type  : Fast Model Setup 'Ddr2SdramIf_inst|Ddr2SdramIf_controller_phy_inst|Ddr2SdramIf_phy_inst|Ddr2SdramIf_phy_ck_n_SDRAM_CKb_ac_fall'
Slack : 2.810
TNS   : 0.000

Type  : Fast Model Setup 'Ddr2SdramIf_inst|Ddr2SdramIf_controller_phy_inst|Ddr2SdramIf_phy_inst|Ddr2SdramIf_phy_ck_p_SDRAM_CK_ac_fall'
Slack : 2.817
TNS   : 0.000

Type  : Fast Model Setup 'Ddr2SdramIf_inst|Ddr2SdramIf_controller_phy_inst|Ddr2SdramIf_phy_inst|Ddr2SdramIf_phy_alt_mem_phy_inst|clk|pll|altpll_component|pll|clk[2]'
Slack : 3.032
TNS   : 0.000

Type  : Fast Model Setup 'Ddr2SdramIf_inst|Ddr2SdramIf_controller_phy_inst|Ddr2SdramIf_phy_inst|Ddr2SdramIf_phy_alt_mem_phy_inst|clk|pll|altpll_component|pll|clk[4]'
Slack : 3.279
TNS   : 0.000

Type  : Fast Model Setup 'Ddr2SdramIf_inst|Ddr2SdramIf_controller_phy_inst|Ddr2SdramIf_phy_inst|Ddr2SdramIf_phy_alt_mem_phy_inst|clk|pll|altpll_component|pll|clk[1]'
Slack : 3.832
TNS   : 0.000

Type  : Fast Model Setup 'Ddr2SdramIf_inst|Ddr2SdramIf_controller_phy_inst|Ddr2SdramIf_phy_inst|Ddr2SdramIf_phy_ddr_postamble'
Slack : 4.764
TNS   : 0.000

Type  : Fast Model Setup 'AuroraInterface|aurora_8b10b_arria_gxb_inst|aurora_8b10b_v5_3_inst|gtx_wrapper_i|gxb_transceiver_inst|alt2gxb_component|channel_rec[0].receive|clkout'
Slack : 6.151
TNS   : 0.000

Type  : Fast Model Setup 'Ddr2SdramIf_inst|Ddr2SdramIf_controller_phy_inst|Ddr2SdramIf_phy_inst|Ddr2SdramIf_phy_alt_mem_phy_inst|clk|scan_clk|regout_clock'
Slack : 9.758
TNS   : 0.000

Type  : Fast Model Setup 'MASTER_CLOCK'
Slack : 24.529
TNS   : 0.000

Type  : Fast Model Setup 'Ddr2SdramIf_inst|Ddr2SdramIf_controller_phy_inst|Ddr2SdramIf_phy_inst|Ddr2SdramIf_phy_ddr_resync'
Slack : 101.834
TNS   : 0.000

Type  : Fast Model Hold 'ADC_FRAME_CK1'
Slack : -3.945
TNS   : -337.294

Type  : Fast Model Hold 'ADC_LCLK1'
Slack : -1.973
TNS   : -53.420

Type  : Fast Model Hold 'ADC_LCLK2'
Slack : -1.913
TNS   : -49.472

Type  : Fast Model Hold 'Ddr2SdramIf_inst|Ddr2SdramIf_controller_phy_inst|Ddr2SdramIf_phy_inst|Ddr2SdramIf_phy_alt_mem_phy_inst|clk|pll|altpll_component|pll|clk[0]'
Slack : -0.675
TNS   : -130.907

Type  : Fast Model Hold 'ClockGenerator|altpll_component|pll|clk[0]'
Slack : -0.206
TNS   : -10.314

Type  : Fast Model Hold 'ClockGenerator|altpll_component|pll|clk[0]~1'
Slack : -0.058
TNS   : -2.320

Type  : Fast Model Hold 'ClockGenerator|altpll_component|pll|clk[1]'
Slack : -0.054
TNS   : -0.984

Type  : Fast Model Hold 'ADC_FRAME_CK2'
Slack : 0.192
TNS   : 0.000

Type  : Fast Model Hold 'Ddr2SdramIf_inst|Ddr2SdramIf_controller_phy_inst|Ddr2SdramIf_phy_inst|Ddr2SdramIf_phy_alt_mem_phy_inst|clk|scan_clk|regout_clock'
Slack : 0.202
TNS   : 0.000

Type  : Fast Model Hold 'AuroraInterface|aurora_8b10b_arria_gxb_inst|aurora_8b10b_v5_3_inst|gtx_wrapper_i|gxb_transceiver_inst|alt2gxb_component|channel_tx[0].transmit|clkout'
Slack : 0.212
TNS   : 0.000

Type  : Fast Model Hold 'AuroraInterface|aurora_8b10b_arria_gxb_inst|aurora_8b10b_v5_3_inst|gtx_wrapper_i|gxb_transceiver_inst|alt2gxb_component|channel_rec[0].receive|clkout'
Slack : 0.213
TNS   : 0.000

Type  : Fast Model Hold 'Ddr2SdramIf_inst|Ddr2SdramIf_controller_phy_inst|Ddr2SdramIf_phy_inst|Ddr2SdramIf_phy_alt_mem_phy_inst|clk|pll|altpll_component|pll|clk[2]'
Slack : 0.213
TNS   : 0.000

Type  : Fast Model Hold 'Ddr2SdramIf_inst|Ddr2SdramIf_controller_phy_inst|Ddr2SdramIf_phy_inst|Ddr2SdramIf_phy_alt_mem_phy_inst|clk|pll|altpll_component|pll|clk[4]'
Slack : 0.213
TNS   : 0.000

Type  : Fast Model Hold 'MASTER_CLOCK'
Slack : 0.214
TNS   : 0.000

Type  : Fast Model Hold 'Ddr2SdramIf_inst|Ddr2SdramIf_controller_phy_inst|Ddr2SdramIf_phy_inst|Ddr2SdramIf_phy_alt_mem_phy_inst|clk|pll|altpll_component|pll|clk[1]'
Slack : 0.217
TNS   : 0.000

Type  : Fast Model Hold 'Ddr2SdramIf_inst|Ddr2SdramIf_controller_phy_inst|Ddr2SdramIf_phy_inst|Ddr2SdramIf_phy_ddr_postamble'
Slack : 0.217
TNS   : 0.000

Type  : Fast Model Hold 'ClockGenerator|altpll_component|pll|clk[1]~1'
Slack : 0.224
TNS   : 0.000

Type  : Fast Model Hold 'CLK_IN_P0'
Slack : 0.378
TNS   : 0.000

Type  : Fast Model Hold 'Ddr2SdramIf_inst|Ddr2SdramIf_controller_phy_inst|Ddr2SdramIf_phy_inst|Ddr2SdramIf_phy_ddr_mimic'
Slack : 0.475
TNS   : 0.000

Type  : Fast Model Hold 'Ck_10MHz_virt'
Slack : 0.775
TNS   : 0.000

Type  : Fast Model Hold 'Ddr2SdramIf_inst|Ddr2SdramIf_controller_phy_inst|Ddr2SdramIf_phy_inst|Ddr2SdramIf_phy_ddr_dqsin_SDRAM_DQS'
Slack : 0.907
TNS   : 0.000

Type  : Fast Model Hold 'Ddr2SdramIf_inst|Ddr2SdramIf_controller_phy_inst|Ddr2SdramIf_phy_inst|Ddr2SdramIf_phy_ddr_dqsout_SDRAM_DQS'
Slack : 0.935
TNS   : 0.000

Type  : Fast Model Hold 'Ddr2SdramIf_inst|Ddr2SdramIf_controller_phy_inst|Ddr2SdramIf_phy_inst|Ddr2SdramIf_phy_ck_p_SDRAM_CK_ac_fall'
Slack : 1.063
TNS   : 0.000

Type  : Fast Model Hold 'Ddr2SdramIf_inst|Ddr2SdramIf_controller_phy_inst|Ddr2SdramIf_phy_inst|Ddr2SdramIf_phy_ck_n_SDRAM_CKb_ac_fall'
Slack : 1.070
TNS   : 0.000

Type  : Fast Model Hold 'Ck_100MHz_virt'
Slack : 1.222
TNS   : 0.000

Type  : Fast Model Hold 'Ddr2SdramIf_inst|Ddr2SdramIf_controller_phy_inst|Ddr2SdramIf_phy_inst|Ddr2SdramIf_phy_ck_p_SDRAM_CK_tDQSS'
Slack : 1.234
TNS   : 0.000

Type  : Fast Model Hold 'Ddr2SdramIf_inst|Ddr2SdramIf_controller_phy_inst|Ddr2SdramIf_phy_inst|Ddr2SdramIf_phy_ck_n_SDRAM_CKb_tDQSS'
Slack : 1.241
TNS   : 0.000

Type  : Fast Model Hold 'Ck_40MHz_virt'
Slack : 1.311
TNS   : 0.000

Type  : Fast Model Hold 'Ddr2SdramIf_inst|Ddr2SdramIf_controller_phy_inst|Ddr2SdramIf_phy_inst|Ddr2SdramIf_phy_ck_p_SDRAM_CK_tDSS'
Slack : 1.316
TNS   : 0.000

Type  : Fast Model Hold 'Ddr2SdramIf_inst|Ddr2SdramIf_controller_phy_inst|Ddr2SdramIf_phy_inst|Ddr2SdramIf_phy_ck_n_SDRAM_CKb_tDSS'
Slack : 1.323
TNS   : 0.000

Type  : Fast Model Hold 'n/a'
Slack : 2.442
TNS   : 0.000

Type  : Fast Model Hold 'Ddr2SdramIf_inst|Ddr2SdramIf_controller_phy_inst|Ddr2SdramIf_phy_inst|Ddr2SdramIf_phy_ddr_resync'
Slack : 103.018
TNS   : 0.000

Type  : Fast Model Recovery 'ADC_FRAME_CK2'
Slack : -2.643
TNS   : -1151.632

Type  : Fast Model Recovery 'ADC_FRAME_CK1'
Slack : -2.622
TNS   : -1284.241

Type  : Fast Model Recovery 'ClockGenerator|altpll_component|pll|clk[0]'
Slack : -2.459
TNS   : -383.359

Type  : Fast Model Recovery 'ClockGenerator|altpll_component|pll|clk[1]'
Slack : -2.023
TNS   : -315.755

Type  : Fast Model Recovery 'AuroraInterface|aurora_8b10b_arria_gxb_inst|aurora_8b10b_v5_3_inst|gtx_wrapper_i|gxb_transceiver_inst|alt2gxb_component|channel_tx[0].transmit|clkout'
Slack : -1.545
TNS   : -18.540

Type  : Fast Model Recovery 'ClockGenerator|altpll_component|pll|clk[1]~1'
Slack : -1.314
TNS   : -136.282

Type  : Fast Model Recovery 'Ddr2SdramIf_inst|Ddr2SdramIf_controller_phy_inst|Ddr2SdramIf_phy_inst|Ddr2SdramIf_phy_alt_mem_phy_inst|clk|pll|altpll_component|pll|clk[0]'
Slack : -0.292
TNS   : -7.321

Type  : Fast Model Recovery 'Ddr2SdramIf_inst|Ddr2SdramIf_controller_phy_inst|Ddr2SdramIf_phy_inst|Ddr2SdramIf_phy_alt_mem_phy_inst|clk|pll|altpll_component|pll|clk[2]'
Slack : 3.885
TNS   : 0.000

Type  : Fast Model Recovery 'Ddr2SdramIf_inst|Ddr2SdramIf_controller_phy_inst|Ddr2SdramIf_phy_inst|Ddr2SdramIf_phy_alt_mem_phy_inst|clk|pll|altpll_component|pll|clk[4]'
Slack : 4.247
TNS   : 0.000

Type  : Fast Model Recovery 'Ddr2SdramIf_inst|Ddr2SdramIf_controller_phy_inst|Ddr2SdramIf_phy_inst|Ddr2SdramIf_phy_ddr_postamble'
Slack : 4.247
TNS   : 0.000

Type  : Fast Model Recovery 'Ddr2SdramIf_inst|Ddr2SdramIf_controller_phy_inst|Ddr2SdramIf_phy_inst|Ddr2SdramIf_phy_alt_mem_phy_inst|clk|pll|altpll_component|pll|clk[1]'
Slack : 4.516
TNS   : 0.000

Type  : Fast Model Recovery 'Ddr2SdramIf_inst|Ddr2SdramIf_controller_phy_inst|Ddr2SdramIf_phy_inst|Ddr2SdramIf_phy_alt_mem_phy_inst|clk|scan_clk|regout_clock'
Slack : 19.714
TNS   : 0.000

Type  : Fast Model Recovery 'ClockGenerator|altpll_component|pll|clk[0]~1'
Slack : 22.293
TNS   : 0.000

Type  : Fast Model Recovery 'Ddr2SdramIf_inst|Ddr2SdramIf_controller_phy_inst|Ddr2SdramIf_phy_inst|Ddr2SdramIf_phy_ddr_dqsin_SDRAM_DQS'
Slack : 104.431
TNS   : 0.000

Type  : Fast Model Removal 'ClockGenerator|altpll_component|pll|clk[0]'
Slack : -0.212
TNS   : -8.480

Type  : Fast Model Removal 'Ddr2SdramIf_inst|Ddr2SdramIf_controller_phy_inst|Ddr2SdramIf_phy_inst|Ddr2SdramIf_phy_alt_mem_phy_inst|clk|pll|altpll_component|pll|clk[0]'
Slack : -0.135
TNS   : -3.039

Type  : Fast Model Removal 'ClockGenerator|altpll_component|pll|clk[0]~1'
Slack : -0.064
TNS   : -2.560

Type  : Fast Model Removal 'Ddr2SdramIf_inst|Ddr2SdramIf_controller_phy_inst|Ddr2SdramIf_phy_inst|Ddr2SdramIf_phy_alt_mem_phy_inst|clk|pll|altpll_component|pll|clk[4]'
Slack : 0.463
TNS   : 0.000

Type  : Fast Model Removal 'Ddr2SdramIf_inst|Ddr2SdramIf_controller_phy_inst|Ddr2SdramIf_phy_inst|Ddr2SdramIf_phy_alt_mem_phy_inst|clk|pll|altpll_component|pll|clk[1]'
Slack : 0.465
TNS   : 0.000

Type  : Fast Model Removal 'AuroraInterface|aurora_8b10b_arria_gxb_inst|aurora_8b10b_v5_3_inst|gtx_wrapper_i|gxb_transceiver_inst|alt2gxb_component|channel_tx[0].transmit|clkout'
Slack : 0.468
TNS   : 0.000

Type  : Fast Model Removal 'Ddr2SdramIf_inst|Ddr2SdramIf_controller_phy_inst|Ddr2SdramIf_phy_inst|Ddr2SdramIf_phy_alt_mem_phy_inst|clk|scan_clk|regout_clock'
Slack : 0.474
TNS   : 0.000

Type  : Fast Model Removal 'ClockGenerator|altpll_component|pll|clk[1]'
Slack : 0.529
TNS   : 0.000

Type  : Fast Model Removal 'ClockGenerator|altpll_component|pll|clk[1]~1'
Slack : 0.648
TNS   : 0.000

Type  : Fast Model Removal 'Ddr2SdramIf_inst|Ddr2SdramIf_controller_phy_inst|Ddr2SdramIf_phy_inst|Ddr2SdramIf_phy_ddr_postamble'
Slack : 0.734
TNS   : 0.000

Type  : Fast Model Removal 'Ddr2SdramIf_inst|Ddr2SdramIf_controller_phy_inst|Ddr2SdramIf_phy_inst|Ddr2SdramIf_phy_alt_mem_phy_inst|clk|pll|altpll_component|pll|clk[2]'
Slack : 0.916
TNS   : 0.000

Type  : Fast Model Removal 'ADC_FRAME_CK1'
Slack : 1.337
TNS   : 0.000

Type  : Fast Model Removal 'ADC_FRAME_CK2'
Slack : 1.399
TNS   : 0.000

Type  : Fast Model Removal 'Ddr2SdramIf_inst|Ddr2SdramIf_controller_phy_inst|Ddr2SdramIf_phy_inst|Ddr2SdramIf_phy_ddr_dqsin_SDRAM_DQS'
Slack : 100.477
TNS   : 0.000

Type  : Fast Model Minimum Pulse Width 'ADC_LCLK1'
Slack : 0.681
TNS   : 0.000

Type  : Fast Model Minimum Pulse Width 'ADC_LCLK2'
Slack : 0.681
TNS   : 0.000

Type  : Fast Model Minimum Pulse Width 'Ddr2SdramIf_inst|Ddr2SdramIf_controller_phy_inst|Ddr2SdramIf_phy_inst|Ddr2SdramIf_phy_alt_mem_phy_inst|clk|pll|altpll_component|pll|clk[4]'
Slack : 1.631
TNS   : 0.000

Type  : Fast Model Minimum Pulse Width 'Ddr2SdramIf_inst|Ddr2SdramIf_controller_phy_inst|Ddr2SdramIf_phy_inst|Ddr2SdramIf_phy_SDRAM_CK_mimic_launch_clock'
Slack : 1.991
TNS   : 0.000

Type  : Fast Model Minimum Pulse Width 'Ddr2SdramIf_inst|Ddr2SdramIf_controller_phy_inst|Ddr2SdramIf_phy_inst|Ddr2SdramIf_phy_alt_mem_phy_inst|clk|pll|altpll_component|pll|clk[1]'
Slack : 1.991
TNS   : 0.000

Type  : Fast Model Minimum Pulse Width 'Ddr2SdramIf_inst|Ddr2SdramIf_controller_phy_inst|Ddr2SdramIf_phy_inst|Ddr2SdramIf_phy_ck_n_SDRAM_CKb_ac_fall'
Slack : 1.991
TNS   : 0.000

Type  : Fast Model Minimum Pulse Width 'Ddr2SdramIf_inst|Ddr2SdramIf_controller_phy_inst|Ddr2SdramIf_phy_inst|Ddr2SdramIf_phy_ck_n_SDRAM_CKb_ac_rise'
Slack : 1.991
TNS   : 0.000

Type  : Fast Model Minimum Pulse Width 'Ddr2SdramIf_inst|Ddr2SdramIf_controller_phy_inst|Ddr2SdramIf_phy_inst|Ddr2SdramIf_phy_ck_n_SDRAM_CKb_tDQSS'
Slack : 1.991
TNS   : 0.000

Type  : Fast Model Minimum Pulse Width 'Ddr2SdramIf_inst|Ddr2SdramIf_controller_phy_inst|Ddr2SdramIf_phy_inst|Ddr2SdramIf_phy_ck_n_SDRAM_CKb_tDSS'
Slack : 1.991
TNS   : 0.000

Type  : Fast Model Minimum Pulse Width 'Ddr2SdramIf_inst|Ddr2SdramIf_controller_phy_inst|Ddr2SdramIf_phy_inst|Ddr2SdramIf_phy_ck_p_SDRAM_CK_ac_fall'
Slack : 1.991
TNS   : 0.000

Type  : Fast Model Minimum Pulse Width 'Ddr2SdramIf_inst|Ddr2SdramIf_controller_phy_inst|Ddr2SdramIf_phy_inst|Ddr2SdramIf_phy_ck_p_SDRAM_CK_ac_rise'
Slack : 1.991
TNS   : 0.000

Type  : Fast Model Minimum Pulse Width 'Ddr2SdramIf_inst|Ddr2SdramIf_controller_phy_inst|Ddr2SdramIf_phy_inst|Ddr2SdramIf_phy_ck_p_SDRAM_CK_tDQSS'
Slack : 1.991
TNS   : 0.000

Type  : Fast Model Minimum Pulse Width 'Ddr2SdramIf_inst|Ddr2SdramIf_controller_phy_inst|Ddr2SdramIf_phy_inst|Ddr2SdramIf_phy_ck_p_SDRAM_CK_tDSS'
Slack : 1.991
TNS   : 0.000

Type  : Fast Model Minimum Pulse Width 'Ddr2SdramIf_inst|Ddr2SdramIf_controller_phy_inst|Ddr2SdramIf_phy_inst|Ddr2SdramIf_phy_alt_mem_phy_inst|clk|pll|altpll_component|pll|clk[2]'
Slack : 2.001
TNS   : 0.000

Type  : Fast Model Minimum Pulse Width 'Ddr2SdramIf_inst|Ddr2SdramIf_controller_phy_inst|Ddr2SdramIf_phy_inst|Ddr2SdramIf_phy_alt_mem_phy_inst|clk|pll|altpll_component|pll|clk[5]'
Slack : 2.001
TNS   : 0.000

Type  : Fast Model Minimum Pulse Width 'Ddr2SdramIf_inst|Ddr2SdramIf_controller_phy_inst|Ddr2SdramIf_phy_inst|Ddr2SdramIf_phy_ddr_dqsin_SDRAM_DQS'
Slack : 2.001
TNS   : 0.000

Type  : Fast Model Minimum Pulse Width 'Ddr2SdramIf_inst|Ddr2SdramIf_controller_phy_inst|Ddr2SdramIf_phy_inst|Ddr2SdramIf_phy_ddr_dqsout_SDRAM_DQS'
Slack : 2.001
TNS   : 0.000

Type  : Fast Model Minimum Pulse Width 'Ddr2SdramIf_inst|Ddr2SdramIf_controller_phy_inst|Ddr2SdramIf_phy_inst|Ddr2SdramIf_phy_ddr_mimic'
Slack : 2.001
TNS   : 0.000

Type  : Fast Model Minimum Pulse Width 'Ddr2SdramIf_inst|Ddr2SdramIf_controller_phy_inst|Ddr2SdramIf_phy_inst|Ddr2SdramIf_phy_ddr_postamble'
Slack : 2.001
TNS   : 0.000

Type  : Fast Model Minimum Pulse Width 'Ddr2SdramIf_inst|Ddr2SdramIf_controller_phy_inst|Ddr2SdramIf_phy_inst|Ddr2SdramIf_phy_ddr_resync'
Slack : 2.001
TNS   : 0.000

Type  : Fast Model Minimum Pulse Width 'AuroraInterface|aurora_8b10b_arria_gxb_inst|aurora_8b10b_v5_3_inst|gtx_wrapper_i|gxb_transceiver_inst|alt2gxb_component|channel_rec[0].receive|clkout'
Slack : 2.200
TNS   : 0.000

Type  : Fast Model Minimum Pulse Width 'AuroraInterface|aurora_8b10b_arria_gxb_inst|aurora_8b10b_v5_3_inst|gtx_wrapper_i|gxb_transceiver_inst|alt2gxb_component|channel_tx[0].transmit|clkout'
Slack : 2.200
TNS   : 0.000

Type  : Fast Model Minimum Pulse Width 'Ddr2SdramIf_inst|Ddr2SdramIf_controller_phy_inst|Ddr2SdramIf_phy_inst|Ddr2SdramIf_phy_alt_mem_phy_inst|clk|pll|altpll_component|pll|clk[0]'
Slack : 4.073
TNS   : 0.000

Type  : Fast Model Minimum Pulse Width 'ADC_FRAME_CK1'
Slack : 5.198
TNS   : 0.000

Type  : Fast Model Minimum Pulse Width 'ADC_FRAME_CK2'
Slack : 5.198
TNS   : 0.000

Type  : Fast Model Minimum Pulse Width 'Ddr2SdramIf_inst|Ddr2SdramIf_controller_phy_inst|Ddr2SdramIf_phy_inst|Ddr2SdramIf_phy_alt_mem_phy_inst|clk|scan_clk|regout_clock'
Slack : 5.526
TNS   : 0.000

Type  : Fast Model Minimum Pulse Width 'CLK_IN_P0'
Slack : 7.370
TNS   : 0.000

Type  : Fast Model Minimum Pulse Width 'ClockGenerator|altpll_component|pll|clk[0]'
Slack : 11.520
TNS   : 0.000

Type  : Fast Model Minimum Pulse Width 'ClockGenerator|altpll_component|pll|clk[0]~1'
Slack : 11.870
TNS   : 0.000

Type  : Fast Model Minimum Pulse Width 'MASTER_CLOCK'
Slack : 11.870
TNS   : 0.000

Type  : Fast Model Minimum Pulse Width 'Ck40Mux_Inst|CK40_MUX_altclkctrl_hfe_component|clkctrl1|outclk'
Slack : 12.150
TNS   : 0.000

Type  : Fast Model Minimum Pulse Width 'MASTER_CLOCK2'
Slack : 12.150
TNS   : 0.000

Type  : Fast Model Minimum Pulse Width 'P0Clk_Pll_Inst|altpll_component|pll|clk[0]'
Slack : 12.480
TNS   : 0.000

Type  : Fast Model Minimum Pulse Width 'GXB_CK'
Slack : 14.000
TNS   : 0.000

Type  : Fast Model Minimum Pulse Width 'ClockGenerator|altpll_component|pll|clk[1]'
Slack : 47.970
TNS   : 0.000

Type  : Fast Model Minimum Pulse Width 'ClockGenerator|altpll_component|pll|clk[1]~1'
Slack : 49.370
TNS   : 0.000

------------------------------------------------------------
